Archive member included to satisfy reference by file (symbol)

/Applications/STM32CubeIDE.app/Contents/Eclipse/plugins/com.st.stm32cube.ide.mcu.externaltools.gnu-tools-for-stm32.11.3.rel1.macos64_1.1.100.202310310803/tools/bin/../lib/gcc/arm-none-eabi/11.3.1/../../../../arm-none-eabi/lib/thumb/v7e-m+fp/hard/libc_nano.a(libc_a-exit.o)
                              /Applications/STM32CubeIDE.app/Contents/Eclipse/plugins/com.st.stm32cube.ide.mcu.externaltools.gnu-tools-for-stm32.11.3.rel1.macos64_1.1.100.202310310803/tools/bin/../lib/gcc/arm-none-eabi/11.3.1/../../../../arm-none-eabi/lib/thumb/v7e-m+fp/hard/crt0.o (exit)
/Applications/STM32CubeIDE.app/Contents/Eclipse/plugins/com.st.stm32cube.ide.mcu.externaltools.gnu-tools-for-stm32.11.3.rel1.macos64_1.1.100.202310310803/tools/bin/../lib/gcc/arm-none-eabi/11.3.1/../../../../arm-none-eabi/lib/thumb/v7e-m+fp/hard/libc_nano.a(libc_a-findfp.o)
                              /Applications/STM32CubeIDE.app/Contents/Eclipse/plugins/com.st.stm32cube.ide.mcu.externaltools.gnu-tools-for-stm32.11.3.rel1.macos64_1.1.100.202310310803/tools/bin/../lib/gcc/arm-none-eabi/11.3.1/../../../../arm-none-eabi/lib/thumb/v7e-m+fp/hard/libc_nano.a(libc_a-exit.o) (__stdio_exit_handler)
/Applications/STM32CubeIDE.app/Contents/Eclipse/plugins/com.st.stm32cube.ide.mcu.externaltools.gnu-tools-for-stm32.11.3.rel1.macos64_1.1.100.202310310803/tools/bin/../lib/gcc/arm-none-eabi/11.3.1/../../../../arm-none-eabi/lib/thumb/v7e-m+fp/hard/libc_nano.a(libc_a-fwalk.o)
                              /Applications/STM32CubeIDE.app/Contents/Eclipse/plugins/com.st.stm32cube.ide.mcu.externaltools.gnu-tools-for-stm32.11.3.rel1.macos64_1.1.100.202310310803/tools/bin/../lib/gcc/arm-none-eabi/11.3.1/../../../../arm-none-eabi/lib/thumb/v7e-m+fp/hard/libc_nano.a(libc_a-findfp.o) (_fwalk_sglue)
/Applications/STM32CubeIDE.app/Contents/Eclipse/plugins/com.st.stm32cube.ide.mcu.externaltools.gnu-tools-for-stm32.11.3.rel1.macos64_1.1.100.202310310803/tools/bin/../lib/gcc/arm-none-eabi/11.3.1/../../../../arm-none-eabi/lib/thumb/v7e-m+fp/hard/libc_nano.a(libc_a-memset.o)
                              /Applications/STM32CubeIDE.app/Contents/Eclipse/plugins/com.st.stm32cube.ide.mcu.externaltools.gnu-tools-for-stm32.11.3.rel1.macos64_1.1.100.202310310803/tools/bin/../lib/gcc/arm-none-eabi/11.3.1/../../../../arm-none-eabi/lib/thumb/v7e-m+fp/hard/crt0.o (memset)
/Applications/STM32CubeIDE.app/Contents/Eclipse/plugins/com.st.stm32cube.ide.mcu.externaltools.gnu-tools-for-stm32.11.3.rel1.macos64_1.1.100.202310310803/tools/bin/../lib/gcc/arm-none-eabi/11.3.1/../../../../arm-none-eabi/lib/thumb/v7e-m+fp/hard/libc_nano.a(libc_a-impure.o)
                              /Applications/STM32CubeIDE.app/Contents/Eclipse/plugins/com.st.stm32cube.ide.mcu.externaltools.gnu-tools-for-stm32.11.3.rel1.macos64_1.1.100.202310310803/tools/bin/../lib/gcc/arm-none-eabi/11.3.1/../../../../arm-none-eabi/lib/thumb/v7e-m+fp/hard/libc_nano.a(libc_a-findfp.o) (_impure_data)
/Applications/STM32CubeIDE.app/Contents/Eclipse/plugins/com.st.stm32cube.ide.mcu.externaltools.gnu-tools-for-stm32.11.3.rel1.macos64_1.1.100.202310310803/tools/bin/../lib/gcc/arm-none-eabi/11.3.1/../../../../arm-none-eabi/lib/thumb/v7e-m+fp/hard/libc_nano.a(libc_a-errno.o)
                              ./Core/Src/syscalls.o (__errno)
/Applications/STM32CubeIDE.app/Contents/Eclipse/plugins/com.st.stm32cube.ide.mcu.externaltools.gnu-tools-for-stm32.11.3.rel1.macos64_1.1.100.202310310803/tools/bin/../lib/gcc/arm-none-eabi/11.3.1/../../../../arm-none-eabi/lib/thumb/v7e-m+fp/hard/libc_nano.a(libc_a-init.o)
                              /Applications/STM32CubeIDE.app/Contents/Eclipse/plugins/com.st.stm32cube.ide.mcu.externaltools.gnu-tools-for-stm32.11.3.rel1.macos64_1.1.100.202310310803/tools/bin/../lib/gcc/arm-none-eabi/11.3.1/../../../../arm-none-eabi/lib/thumb/v7e-m+fp/hard/crt0.o (__libc_init_array)
/Applications/STM32CubeIDE.app/Contents/Eclipse/plugins/com.st.stm32cube.ide.mcu.externaltools.gnu-tools-for-stm32.11.3.rel1.macos64_1.1.100.202310310803/tools/bin/../lib/gcc/arm-none-eabi/11.3.1/../../../../arm-none-eabi/lib/thumb/v7e-m+fp/hard/libc_nano.a(libc_a-lock.o)
                              /Applications/STM32CubeIDE.app/Contents/Eclipse/plugins/com.st.stm32cube.ide.mcu.externaltools.gnu-tools-for-stm32.11.3.rel1.macos64_1.1.100.202310310803/tools/bin/../lib/gcc/arm-none-eabi/11.3.1/../../../../arm-none-eabi/lib/thumb/v7e-m+fp/hard/libc_nano.a(libc_a-findfp.o) (__retarget_lock_init_recursive)
/Applications/STM32CubeIDE.app/Contents/Eclipse/plugins/com.st.stm32cube.ide.mcu.externaltools.gnu-tools-for-stm32.11.3.rel1.macos64_1.1.100.202310310803/tools/bin/../lib/gcc/arm-none-eabi/11.3.1/../../../../arm-none-eabi/lib/thumb/v7e-m+fp/hard/libc_nano.a(libc_a-mallocr.o)
[...]
Memory Configuration

Name             Origin             Length             Attributes
RAM              0x0000000020000000 0x0000000000020000 xrw
FLASH            0x0000000008000000 0x0000000000080000 xr
*default*        0x0000000000000000 0xffffffffffffffff

Linker script and memory map

LOAD /Applications/STM32CubeIDE.app/Contents/Eclipse/plugins/com.st.stm32cube.ide.mcu.externaltools.gnu-tools-for-stm32.11.3.rel1.macos64_1.1.100.202310310803/tools/bin/../lib/gcc/arm-none-eabi/11.3.1/thumb/v7e-m+fp/hard/crti.o
LOAD /Applications/STM32CubeIDE.app/Contents/Eclipse/plugins/com.st.stm32cube.ide.mcu.externaltools.gnu-tools-for-stm32.11.3.rel1.macos64_1.1.100.202310310803/tools/bin/../lib/gcc/arm-none-eabi/11.3.1/thumb/v7e-m+fp/hard/crtbegin.o
LOAD /Applications/STM32CubeIDE.app/Contents/Eclipse/plugins/com.st.stm32cube.ide.mcu.externaltools.gnu-tools-for-stm32.11.3.rel1.macos64_1.1.100.202310310803/tools/bin/../lib/gcc/arm-none-eabi/11.3.1/../../../../arm-none-eabi/lib/thumb/v7e-m+fp/hard/crt0.o
LOAD ./Core/Src/main.o
LOAD ./Core/Src/stm32f4xx_hal_msp.o
LOAD ./Core/Src/stm32f4xx_it.o
LOAD ./Core/Src/syscalls.o
LOAD ./Core/Src/sysmem.o
LOAD ./Core/Src/system_stm32f4xx.o
LOAD ./Core/Startup/startup_stm32f411retx.o
LOAD ./Drivers/STM32F4xx_HAL_Driver/Src/stm32f4xx_hal.o
LOAD ./Drivers/STM32F4xx_HAL_Driver/Src/stm32f4xx_hal_cortex.o
LOAD ./Drivers/STM32F4xx_HAL_Driver/Src/stm32f4xx_hal_dma.o
LOAD ./Drivers/STM32F4xx_HAL_Driver/Src/stm32f4xx_hal_dma_ex.o
LOAD ./Drivers/STM32F4xx_HAL_Driver/Src/stm32f4xx_hal_exti.o
LOAD ./Drivers/STM32F4xx_HAL_Driver/Src/stm32f4xx_hal_flash.o
LOAD ./Drivers/STM32F4xx_HAL_Driver/Src/stm32f4xx_hal_flash_ex.o
LOAD ./Drivers/STM32F4xx_HAL_Driver/Src/stm32f4xx_hal_flash_ramfunc.o
LOAD ./Drivers/STM32F4xx_HAL_Driver/Src/stm32f4xx_hal_gpio.o
LOAD ./Drivers/STM32F4xx_HAL_Driver/Src/stm32f4xx_hal_pwr.o
LOAD ./Drivers/STM32F4xx_HAL_Driver/Src/stm32f4xx_hal_pwr_ex.o
LOAD ./Drivers/STM32F4xx_HAL_Driver/Src/stm32f4xx_hal_rcc.o
LOAD ./Drivers/STM32F4xx_HAL_Driver/Src/stm32f4xx_hal_rcc_ex.o
LOAD ./Drivers/STM32F4xx_HAL_Driver/Src/stm32f4xx_hal_spi.o
LOAD ./Drivers/STM32F4xx_HAL_Driver/Src/stm32f4xx_hal_tim.o
LOAD ./Drivers/STM32F4xx_HAL_Driver/Src/stm32f4xx_hal_tim_ex.o
LOAD ./Drivers/STM32F4xx_HAL_Driver/Src/stm32f4xx_hal_uart.o
START GROUP
LOAD /Applications/STM32CubeIDE.app/Contents/Eclipse/plugins/com.st.stm32cube.ide.mcu.externaltools.gnu-tools-for-stm32.11.3.rel1.macos64_1.1.100.202310310803/tools/bin/../lib/gcc/arm-none-eabi/11.3.1/../../../../arm-none-eabi/lib/thumb/v7e-m+fp/hard/libc_nano.a
LOAD /Applications/STM32CubeIDE.app/Contents/Eclipse/plugins/com.st.stm32cube.ide.mcu.externaltools.gnu-tools-for-stm32.11.3.rel1.macos64_1.1.100.202310310803/tools/bin/../lib/gcc/arm-none-eabi/11.3.1/../../../../arm-none-eabi/lib/thumb/v7e-m+fp/hard/libm.a
END GROUP
START GROUP
LOAD /Applications/STM32CubeIDE.app/Contents/Eclipse/plugins/com.st.stm32cube.ide.mcu.externaltools.gnu-tools-for-stm32.11.3.rel1.macos64_1.1.100.202310310803/tools/bin/../lib/gcc/arm-none-eabi/11.3.1/thumb/v7e-m+fp/hard/libgcc.a
LOAD /Applications/STM32CubeIDE.app/Contents/Eclipse/plugins/com.st.stm32cube.ide.mcu.externaltools.gnu-tools-for-stm32.11.3.rel1.macos64_1.1.100.202310310803/tools/bin/../lib/gcc/arm-none-eabi/11.3.1/../../../../arm-none-eabi/lib/thumb/v7e-m+fp/hard/libc_nano.a
END GROUP
START GROUP
LOAD /Applications/STM32CubeIDE.app/Contents/Eclipse/plugins/com.st.stm32cube.ide.mcu.externaltools.gnu-tools-for-stm32.11.3.rel1.macos64_1.1.100.202310310803/tools/bin/../lib/gcc/arm-none-eabi/11.3.1/thumb/v7e-m+fp/hard/libgcc.a
LOAD /Applications/STM32CubeIDE.app/Contents/Eclipse/plugins/com.st.stm32cube.ide.mcu.externaltools.gnu-tools-for-stm32.11.3.rel1.macos64_1.1.100.202310310803/tools/bin/../lib/gcc/arm-none-eabi/11.3.1/../../../../arm-none-eabi/lib/thumb/v7e-m+fp/hard/libc_nano.a
LOAD /Applications/STM32CubeIDE.app/Contents/Eclipse/plugins/com.st.stm32cube.ide.mcu.externaltools.gnu-tools-for-stm32.11.3.rel1.macos64_1.1.100.202310310803/tools/bin/../lib/gcc/arm-none-eabi/11.3.1/../../../../arm-none-eabi/lib/thumb/v7e-m+fp/hard/libnosys.a
END GROUP
START GROUP
LOAD /Applications/STM32CubeIDE.app/Contents/Eclipse/plugins/com.st.stm32cube.ide.mcu.externaltools.gnu-tools-for-stm32.11.3.rel1.macos64_1.1.100.202310310803/tools/bin/../lib/gcc/arm-none-eabi/11.3.1/thumb/v7e-m+fp/hard/libgcc.a
LOAD /Applications/STM32CubeIDE.app/Contents/Eclipse/plugins/com.st.stm32cube.ide.mcu.externaltools.gnu-tools-for-stm32.11.3.rel1.macos64_1.1.100.202310310803/tools/bin/../lib/gcc/arm-none-eabi/11.3.1/../../../../arm-none-eabi/lib/thumb/v7e-m+fp/hard/libc_nano.a
LOAD /Applications/STM32CubeIDE.app/Contents/Eclipse/plugins/com.st.stm32cube.ide.mcu.externaltools.gnu-tools-for-stm32.11.3.rel1.macos64_1.1.100.202310310803/tools/bin/../lib/gcc/arm-none-eabi/11.3.1/../../../../arm-none-eabi/lib/thumb/v7e-m+fp/hard/libnosys.a
END GROUP
LOAD /Applications/STM32CubeIDE.app/Contents/Eclipse/plugins/com.st.stm32cube.ide.mcu.externaltools.gnu-tools-for-stm32.11.3.rel1.macos64_1.1.100.202310310803/tools/bin/../lib/gcc/arm-none-eabi/11.3.1/thumb/v7e-m+fp/hard/crtend.o
LOAD /Applications/STM32CubeIDE.app/Contents/Eclipse/plugins/com.st.stm32cube.ide.mcu.externaltools.gnu-tools-for-stm32.11.3.rel1.macos64_1.1.100.202310310803/tools/bin/../lib/gcc/arm-none-eabi/11.3.1/thumb/v7e-m+fp/hard/crtn.o
                0x0000000020020000                _estack = (ORIGIN (RAM) + LENGTH (RAM))
                0x0000000000000200                _Min_Heap_Size = 0x200
                0x0000000000000400                _Min_Stack_Size = 0x400

.isr_vector     0x0000000008000000      0x198
                0x0000000008000000                . = ALIGN (0x4)
 *(.isr_vector)
 .isr_vector    0x0000000008000000      0x198 ./Core/Startup/startup_stm32f411retx.o
                0x0000000008000000                g_pfnVectors
                0x0000000008000198                . = ALIGN (0x4)

.text           0x0000000008000198     0x27a0
                0x0000000008000198                . = ALIGN (0x4)
 *(.text)
 .text          0x0000000008000198       0x40 /Applications/STM32CubeIDE.app/Contents/Eclipse/plugins/com.st.stm32cube.ide.mcu.externaltools.gnu-tools-for-stm32.11.3.rel1.macos64_1.1.100.202310310803/tools/bin/../lib/gcc/arm-none-eabi/11.3.1/thumb/v7e-m+fp/hard/crtbegin.o
 .text          0x00000000080001d8       0x30 /Applications/STM32CubeIDE.app/Contents/Eclipse/plugins/com.st.stm32cube.ide.mcu.externaltools.gnu-tools-for-stm32.11.3.rel1.macos64_1.1.100.202310310803/tools/bin/../lib/gcc/arm-none-eabi/11.3.1/thumb/v7e-m+fp/hard/libgcc.a(_aeabi_uldivmod.o)
                0x00000000080001d8                __aeabi_uldivmod
 .text          0x0000000008000208      0x2c8 /Applications/STM32CubeIDE.app/Contents/Eclipse/plugins/com.st.stm32cube.ide.mcu.externaltools.gnu-tools-for-stm32.11.3.rel1.macos64_1.1.100.202310310803/tools/bin/../lib/gcc/arm-none-eabi/11.3.1/thumb/v7e-m+fp/hard/libgcc.a(_udivmoddi4.o)
                0x0000000008000208                __udivmoddi4
 .text          0x00000000080004d0        0x4 /Applications/STM32CubeIDE.app/Contents/Eclipse/plugins/com.st.stm32cube.ide.mcu.externaltools.gnu-tools-for-stm32.11.3.rel1.macos64_1.1.100.202310310803/tools/bin/../lib/gcc/arm-none-eabi/11.3.1/thumb/v7e-m+fp/hard/libgcc.a(_dvmd_tls.o)
                0x00000000080004d0                __aeabi_ldiv0
                0x00000000080004d0                __aeabi_idiv0
 *(.text*)
 .text.main     0x00000000080004d4       0x44 ./Core/Src/main.o
                0x00000000080004d4                main
 .text.SystemClock_Config
                0x0000000008000518       0xd4 ./Core/Src/main.o
                0x0000000008000518                SystemClock_Config
 .text.MX_SPI2_Init
                0x00000000080005ec       0x68 ./Core/Src/main.o
 .text.MX_USART1_UART_Init
                0x0000000008000654       0x54 ./Core/Src/main.o
 .text.MX_USART2_UART_Init
                0x00000000080006a8       0x54 ./Core/Src/main.o
 .text.MX_GPIO_Init
                0x00000000080006fc       0xdc ./Core/Src/main.o
 .text.Error_Handler
                0x00000000080007d8        0xa ./Core/Src/main.o
                0x00000000080007d8                Error_Handler
 *fill*         0x00000000080007e2        0x2 
 .text.HAL_MspInit
                0x00000000080007e4       0x50 ./Core/Src/stm32f4xx_hal_msp.o
                0x00000000080007e4                HAL_MspInit
 .text.HAL_SPI_MspInit
                0x0000000008000834       0xd0 ./Core/Src/stm32f4xx_hal_msp.o
                0x0000000008000834                HAL_SPI_MspInit
 .text.HAL_UART_MspInit
                0x0000000008000904       0xf8 ./Core/Src/stm32f4xx_hal_msp.o
                0x0000000008000904                HAL_UART_MspInit
 .text.NMI_Handler
                0x00000000080009fc        0x6 ./Core/Src/stm32f4xx_it.o
                0x00000000080009fc                NMI_Handler
 .text.HardFault_Handler
                0x0000000008000a02        0x6 ./Core/Src/stm32f4xx_it.o
                0x0000000008000a02                HardFault_Handler
 .text.MemManage_Handler
                0x0000000008000a08        0x6 ./Core/Src/stm32f4xx_it.o
                0x0000000008000a08                MemManage_Handler
 .text.BusFault_Handler
                0x0000000008000a0e        0x6 ./Core/Src/stm32f4xx_it.o
                0x0000000008000a0e                BusFault_Handler
 .text.UsageFault_Handler
                0x0000000008000a14        0x6 ./Core/Src/stm32f4xx_it.o
                0x0000000008000a14                UsageFault_Handler
 .text.SVC_Handler
                0x0000000008000a1a        0xe ./Core/Src/stm32f4xx_it.o
                0x0000000008000a1a                SVC_Handler
 .text.DebugMon_Handler
                0x0000000008000a28        0xe ./Core/Src/stm32f4xx_it.o
                0x0000000008000a28                DebugMon_Handler
 .text.PendSV_Handler
                0x0000000008000a36        0xe ./Core/Src/stm32f4xx_it.o
                0x0000000008000a36                PendSV_Handler
 .text.SysTick_Handler
                0x0000000008000a44        0xc ./Core/Src/stm32f4xx_it.o
                0x0000000008000a44                SysTick_Handler
 .text.SystemInit
                0x0000000008000a50       0x24 ./Core/Src/system_stm32f4xx.o
                0x0000000008000a50                SystemInit
 .text.Reset_Handler
                0x0000000008000a74       0x50 ./Core/Startup/startup_stm32f411retx.o
                0x0000000008000a74                Reset_Handler
 .text.Default_Handler
                0x0000000008000ac4        0x2 ./Core/Startup/startup_stm32f411retx.o
                0x0000000008000ac4                DMA1_Stream3_IRQHandler
                0x0000000008000ac4                EXTI2_IRQHandler
                0x0000000008000ac4                SPI4_IRQHandler
                0x0000000008000ac4                TIM1_CC_IRQHandler
                0x0000000008000ac4                DMA2_Stream5_IRQHandler
                0x0000000008000ac4                DMA1_Stream5_IRQHandler
                0x0000000008000ac4                PVD_IRQHandler
                0x0000000008000ac4                SDIO_IRQHandler
                0x0000000008000ac4                TAMP_STAMP_IRQHandler
                0x0000000008000ac4                EXTI3_IRQHandler
                0x0000000008000ac4                TIM1_UP_TIM10_IRQHandler
                0x0000000008000ac4                I2C3_ER_IRQHandler
                0x0000000008000ac4                EXTI0_IRQHandler
                0x0000000008000ac4                I2C2_EV_IRQHandler
                0x0000000008000ac4                DMA1_Stream2_IRQHandler
                0x0000000008000ac4                FPU_IRQHandler
                0x0000000008000ac4                DMA2_Stream2_IRQHandler
                0x0000000008000ac4                SPI1_IRQHandler
                0x0000000008000ac4                TIM1_BRK_TIM9_IRQHandler
                0x0000000008000ac4                DMA2_Stream3_IRQHandler
                0x0000000008000ac4                USART6_IRQHandler
                0x0000000008000ac4                DMA2_Stream0_IRQHandler
                0x0000000008000ac4                TIM4_IRQHandler
                0x0000000008000ac4                I2C1_EV_IRQHandler
                0x0000000008000ac4                DMA1_Stream6_IRQHandler
                0x0000000008000ac4                DMA1_Stream1_IRQHandler
                0x0000000008000ac4                TIM3_IRQHandler
                0x0000000008000ac4                RCC_IRQHandler
                0x0000000008000ac4                Default_Handler
                0x0000000008000ac4                EXTI15_10_IRQHandler
                0x0000000008000ac4                ADC_IRQHandler
                0x0000000008000ac4                DMA1_Stream7_IRQHandler
                0x0000000008000ac4                SPI5_IRQHandler
                0x0000000008000ac4                TIM5_IRQHandler
                0x0000000008000ac4                DMA2_Stream7_IRQHandler
                0x0000000008000ac4                I2C3_EV_IRQHandler
                0x0000000008000ac4                EXTI9_5_IRQHandler
                0x0000000008000ac4                RTC_WKUP_IRQHandler
                0x0000000008000ac4                SPI2_IRQHandler
                0x0000000008000ac4                DMA1_Stream0_IRQHandler
                0x0000000008000ac4                EXTI4_IRQHandler
                0x0000000008000ac4                WWDG_IRQHandler
                0x0000000008000ac4                TIM2_IRQHandler
                0x0000000008000ac4                OTG_FS_WKUP_IRQHandler
                0x0000000008000ac4                TIM1_TRG_COM_TIM11_IRQHandler
                0x0000000008000ac4                EXTI1_IRQHandler
                0x0000000008000ac4                USART2_IRQHandler
                0x0000000008000ac4                I2C2_ER_IRQHandler
                0x0000000008000ac4                DMA2_Stream1_IRQHandler
                0x0000000008000ac4                FLASH_IRQHandler
                0x0000000008000ac4                DMA2_Stream4_IRQHandler
                0x0000000008000ac4                USART1_IRQHandler
                0x0000000008000ac4                OTG_FS_IRQHandler
                0x0000000008000ac4                SPI3_IRQHandler
                0x0000000008000ac4                DMA1_Stream4_IRQHandler
                0x0000000008000ac4                I2C1_ER_IRQHandler
                0x0000000008000ac4                DMA2_Stream6_IRQHandler
                0x0000000008000ac4                RTC_Alarm_IRQHandler
 *fill*         0x0000000008000ac6        0x2 
 .text.HAL_Init
                0x0000000008000ac8       0x44 ./Drivers/STM32F4xx_HAL_Driver/Src/stm32f4xx_hal.o
                0x0000000008000ac8                HAL_Init
 .text.HAL_InitTick
                0x0000000008000b0c       0x60 ./Drivers/STM32F4xx_HAL_Driver/Src/stm32f4xx_hal.o
                0x0000000008000b0c                HAL_InitTick
 .text.HAL_IncTick
                0x0000000008000b6c       0x28 ./Drivers/STM32F4xx_HAL_Driver/Src/stm32f4xx_hal.o
                0x0000000008000b6c                HAL_IncTick
 .text.HAL_GetTick
                0x0000000008000b94       0x18 ./Drivers/STM32F4xx_HAL_Driver/Src/stm32f4xx_hal.o
                0x0000000008000b94                HAL_GetTick
 .text.__NVIC_SetPriorityGrouping
                0x0000000008000bac       0x48 ./Drivers/STM32F4xx_HAL_Driver/Src/stm32f4xx_hal_cortex.o
 .text.__NVIC_GetPriorityGrouping
                0x0000000008000bf4       0x1c ./Drivers/STM32F4xx_HAL_Driver/Src/stm32f4xx_hal_cortex.o
 .text.__NVIC_SetPriority
                0x0000000008000c10       0x54 ./Drivers/STM32F4xx_HAL_Driver/Src/stm32f4xx_hal_cortex.o
 .text.NVIC_EncodePriority
                0x0000000008000c64       0x66 ./Drivers/STM32F4xx_HAL_Driver/Src/stm32f4xx_hal_cortex.o
 *fill*         0x0000000008000cca        0x2 
 .text.SysTick_Config
                0x0000000008000ccc       0x44 ./Drivers/STM32F4xx_HAL_Driver/Src/stm32f4xx_hal_cortex.o
 .text.HAL_NVIC_SetPriorityGrouping
                0x0000000008000d10       0x16 ./Drivers/STM32F4xx_HAL_Driver/Src/stm32f4xx_hal_cortex.o
                0x0000000008000d10                HAL_NVIC_SetPriorityGrouping
 .text.HAL_NVIC_SetPriority
                0x0000000008000d26       0x38 ./Drivers/STM32F4xx_HAL_Driver/Src/stm32f4xx_hal_cortex.o
                0x0000000008000d26                HAL_NVIC_SetPriority
 .text.HAL_SYSTICK_Config
                0x0000000008000d5e       0x18 ./Drivers/STM32F4xx_HAL_Driver/Src/stm32f4xx_hal_cortex.o
                0x0000000008000d5e                HAL_SYSTICK_Config
 *fill*         0x0000000008000d76        0x2 
 .text.HAL_GPIO_Init
                0x0000000008000d78      0x308 ./Drivers/STM32F4xx_HAL_Driver/Src/stm32f4xx_hal_gpio.o
                0x0000000008000d78                HAL_GPIO_Init
 .text.HAL_GPIO_WritePin
                0x0000000008001080       0x32 ./Drivers/STM32F4xx_HAL_Driver/Src/stm32f4xx_hal_gpio.o
                0x0000000008001080                HAL_GPIO_WritePin
 .text.HAL_GPIO_TogglePin
                0x00000000080010b2       0x34 ./Drivers/STM32F4xx_HAL_Driver/Src/stm32f4xx_hal_gpio.o
                0x00000000080010b2                HAL_GPIO_TogglePin
 *fill*         0x00000000080010e6        0x2 
 .text.HAL_RCC_OscConfig
                0x00000000080010e8      0x4f0 ./Drivers/STM32F4xx_HAL_Driver/Src/stm32f4xx_hal_rcc.o
                0x00000000080010e8                HAL_RCC_OscConfig
 .text.HAL_RCC_ClockConfig
                0x00000000080015d8      0x1cc ./Drivers/STM32F4xx_HAL_Driver/Src/stm32f4xx_hal_rcc.o
                0x00000000080015d8                HAL_RCC_ClockConfig
 .text.HAL_RCC_GetSysClockFreq
                0x00000000080017a4      0x20c ./Drivers/STM32F4xx_HAL_Driver/Src/stm32f4xx_hal_rcc.o
                0x00000000080017a4                HAL_RCC_GetSysClockFreq
 .text.HAL_RCC_GetHCLKFreq
                0x00000000080019b0       0x18 ./Drivers/STM32F4xx_HAL_Driver/Src/stm32f4xx_hal_rcc.o
                0x00000000080019b0                HAL_RCC_GetHCLKFreq
 .text.HAL_RCC_GetPCLK1Freq
                0x00000000080019c8       0x28 ./Drivers/STM32F4xx_HAL_Driver/Src/stm32f4xx_hal_rcc.o
                0x00000000080019c8                HAL_RCC_GetPCLK1Freq
 .text.HAL_RCC_GetPCLK2Freq
                0x00000000080019f0       0x28 ./Drivers/STM32F4xx_HAL_Driver/Src/stm32f4xx_hal_rcc.o
                0x00000000080019f0                HAL_RCC_GetPCLK2Freq
 .text.HAL_SPI_Init
                0x0000000008001a18      0x112 ./Drivers/STM32F4xx_HAL_Driver/Src/stm32f4xx_hal_spi.o
                0x0000000008001a18                HAL_SPI_Init
 .text.HAL_SPI_Receive
                0x0000000008001b2a      0x230 ./Drivers/STM32F4xx_HAL_Driver/Src/stm32f4xx_hal_spi.o
                0x0000000008001b2a                HAL_SPI_Receive
 .text.HAL_SPI_TransmitReceive
                0x0000000008001d5a      0x360 ./Drivers/STM32F4xx_HAL_Driver/Src/stm32f4xx_hal_spi.o
                0x0000000008001d5a                HAL_SPI_TransmitReceive
 *fill*         0x00000000080020ba        0x2 
 .text.SPI_WaitFlagStateUntilTimeout
                0x00000000080020bc      0x110 ./Drivers/STM32F4xx_HAL_Driver/Src/stm32f4xx_hal_spi.o
 .text.SPI_EndRxTransaction
                0x00000000080021cc       0xca ./Drivers/STM32F4xx_HAL_Driver/Src/stm32f4xx_hal_spi.o
 *fill*         0x0000000008002296        0x2 
 .text.SPI_EndRxTxTransaction
                0x0000000008002298       0xa8 ./Drivers/STM32F4xx_HAL_Driver/Src/stm32f4xx_hal_spi.o
 .text.HAL_UART_Init
                0x0000000008002340       0xa0 ./Drivers/STM32F4xx_HAL_Driver/Src/stm32f4xx_hal_uart.o
                0x0000000008002340                HAL_UART_Init
 .text.UART_SetConfig
                0x00000000080023e0      0x4e8 ./Drivers/STM32F4xx_HAL_Driver/Src/stm32f4xx_hal_uart.o
 .text.memset   0x00000000080028c8       0x10 /Applications/STM32CubeIDE.app/Contents/Eclipse/plugins/com.st.stm32cube.ide.mcu.externaltools.gnu-tools-for-stm32.11.3.rel1.macos64_1.1.100.202310310803/tools/bin/../lib/gcc/arm-none-eabi/11.3.1/../../../../arm-none-eabi/lib/thumb/v7e-m+fp/hard/libc_nano.a(libc_a-memset.o)
                0x00000000080028c8                memset
 .text.__libc_init_array
                0x00000000080028d8       0x48 /Applications/STM32CubeIDE.app/Contents/Eclipse/plugins/com.st.stm32cube.ide.mcu.externaltools.gnu-tools-for-stm32.11.3.rel1.macos64_1.1.100.202310310803/tools/bin/../lib/gcc/arm-none-eabi/11.3.1/../../../../arm-none-eabi/lib/thumb/v7e-m+fp/hard/libc_nano.a(libc_a-init.o)
                0x00000000080028d8                __libc_init_array
 *(.glue_7)
 .glue_7        0x0000000008002920        0x0 linker stubs
 *(.glue_7t)
 .glue_7t       0x0000000008002920        0x0 linker stubs
 *(.eh_frame)
 .eh_frame      0x0000000008002920        0x0 /Applications/STM32CubeIDE.app/Contents/Eclipse/plugins/com.st.stm32cube.ide.mcu.externaltools.gnu-tools-for-stm32.11.3.rel1.macos64_1.1.100.202310310803/tools/bin/../lib/gcc/arm-none-eabi/11.3.1/thumb/v7e-m+fp/hard/crtbegin.o
 *(.init)
 .init          0x0000000008002920        0x4 /Applications/STM32CubeIDE.app/Contents/Eclipse/plugins/com.st.stm32cube.ide.mcu.externaltools.gnu-tools-for-stm32.11.3.rel1.macos64_1.1.100.202310310803/tools/bin/../lib/gcc/arm-none-eabi/11.3.1/thumb/v7e-m+fp/hard/crti.o
                0x0000000008002920                _init
 .init          0x0000000008002924        0x8 /Applications/STM32CubeIDE.app/Contents/Eclipse/plugins/com.st.stm32cube.ide.mcu.externaltools.gnu-tools-for-stm32.11.3.rel1.macos64_1.1.100.202310310803/tools/bin/../lib/gcc/arm-none-eabi/11.3.1/thumb/v7e-m+fp/hard/crtn.o
 *(.fini)
 .fini          0x000000000800292c        0x4 /Applications/STM32CubeIDE.app/Contents/Eclipse/plugins/com.st.stm32cube.ide.mcu.externaltools.gnu-tools-for-stm32.11.3.rel1.macos64_1.1.100.202310310803/tools/bin/../lib/gcc/arm-none-eabi/11.3.1/thumb/v7e-m+fp/hard/crti.o
                0x000000000800292c                _fini
 .fini          0x0000000008002930        0x8 /Applications/STM32CubeIDE.app/Contents/Eclipse/plugins/com.st.stm32cube.ide.mcu.externaltools.gnu-tools-for-stm32.11.3.rel1.macos64_1.1.100.202310310803/tools/bin/../lib/gcc/arm-none-eabi/11.3.1/thumb/v7e-m+fp/hard/crtn.o
                0x0000000008002938                . = ALIGN (0x4)
                0x0000000008002938                _etext = .

.vfp11_veneer   0x0000000008002938        0x0
 .vfp11_veneer  0x0000000008002938        0x0 linker stubs

.v4_bx          0x0000000008002938        0x0
 .v4_bx         0x0000000008002938        0x0 linker stubs

.iplt           0x0000000008002938        0x0
 .iplt          0x0000000008002938        0x0 /Applications/STM32CubeIDE.app/Contents/Eclipse/plugins/com.st.stm32cube.ide.mcu.externaltools.gnu-tools-for-stm32.11.3.rel1.macos64_1.1.100.202310310803/tools/bin/../lib/gcc/arm-none-eabi/11.3.1/thumb/v7e-m+fp/hard/crtbegin.o

.rodata         0x0000000008002938       0x18
                0x0000000008002938                . = ALIGN (0x4)
 *(.rodata)
 *(.rodata*)
 .rodata.AHBPrescTable
                0x0000000008002938       0x10 ./Core/Src/system_stm32f4xx.o
                0x0000000008002938                AHBPrescTable
 .rodata.APBPrescTable
                0x0000000008002948        0x8 ./Core/Src/system_stm32f4xx.o
                0x0000000008002948                APBPrescTable
                0x0000000008002950                . = ALIGN (0x4)

.ARM.extab      0x0000000008002950        0x0
                0x0000000008002950                . = ALIGN (0x4)
 *(.ARM.extab* .gnu.linkonce.armextab.*)
                0x0000000008002950                . = ALIGN (0x4)

.ARM            0x0000000008002950        0x8
                0x0000000008002950                . = ALIGN (0x4)
                0x0000000008002950                __exidx_start = .
 *(.ARM.exidx*)
 .ARM.exidx     0x0000000008002950        0x8 /Applications/STM32CubeIDE.app/Contents/Eclipse/plugins/com.st.stm32cube.ide.mcu.externaltools.gnu-tools-for-stm32.11.3.rel1.macos64_1.1.100.202310310803/tools/bin/../lib/gcc/arm-none-eabi/11.3.1/thumb/v7e-m+fp/hard/libgcc.a(_udivmoddi4.o)
                0x0000000008002958                __exidx_end = .
                0x0000000008002958                . = ALIGN (0x4)

.rel.dyn        0x0000000008002958        0x0
 .rel.iplt      0x0000000008002958        0x0 /Applications/STM32CubeIDE.app/Contents/Eclipse/plugins/com.st.stm32cube.ide.mcu.externaltools.gnu-tools-for-stm32.11.3.rel1.macos64_1.1.100.202310310803/tools/bin/../lib/gcc/arm-none-eabi/11.3.1/thumb/v7e-m+fp/hard/crtbegin.o

.preinit_array  0x0000000008002958        0x0
                0x0000000008002958                . = ALIGN (0x4)
                0x0000000008002958                PROVIDE (__preinit_array_start = .)
 *(.preinit_array*)
                0x0000000008002958                PROVIDE (__preinit_array_end = .)
                0x0000000008002958                . = ALIGN (0x4)

.init_array     0x0000000008002958        0x4
                0x0000000008002958                . = ALIGN (0x4)
                0x0000000008002958                PROVIDE (__init_array_start = .)
 *(SORT_BY_NAME(.init_array.*))
 *(.init_array*)
 .init_array    0x0000000008002958        0x4 /Applications/STM32CubeIDE.app/Contents/Eclipse/plugins/com.st.stm32cube.ide.mcu.externaltools.gnu-tools-for-stm32.11.3.rel1.macos64_1.1.100.202310310803/tools/bin/../lib/gcc/arm-none-eabi/11.3.1/thumb/v7e-m+fp/hard/crtbegin.o
                0x000000000800295c                PROVIDE (__init_array_end = .)
                0x000000000800295c                . = ALIGN (0x4)

.fini_array     0x000000000800295c        0x4
                0x000000000800295c                . = ALIGN (0x4)
                [!provide]                        PROVIDE (__fini_array_start = .)
 *(SORT_BY_NAME(.fini_array.*))
 *(.fini_array*)
 .fini_array    0x000000000800295c        0x4 /Applications/STM32CubeIDE.app/Contents/Eclipse/plugins/com.st.stm32cube.ide.mcu.externaltools.gnu-tools-for-stm32.11.3.rel1.macos64_1.1.100.202310310803/tools/bin/../lib/gcc/arm-none-eabi/11.3.1/thumb/v7e-m+fp/hard/crtbegin.o
                [!provide]                        PROVIDE (__fini_array_end = .)
                0x0000000008002960                . = ALIGN (0x4)
                0x0000000008002960                _sidata = LOADADDR (.data)

.data           0x0000000020000000        0xc load address 0x0000000008002960
                0x0000000020000000                . = ALIGN (0x4)
                0x0000000020000000                _sdata = .
 *(.data)
 *(.data*)
 .data.SystemCoreClock
                0x0000000020000000        0x4 ./Core/Src/system_stm32f4xx.o
                0x0000000020000000                SystemCoreClock
 .data.uwTickPrio
                0x0000000020000004        0x4 ./Drivers/STM32F4xx_HAL_Driver/Src/stm32f4xx_hal.o
                0x0000000020000004                uwTickPrio
 .data.uwTickFreq
                0x0000000020000008        0x1 ./Drivers/STM32F4xx_HAL_Driver/Src/stm32f4xx_hal.o
                0x0000000020000008                uwTickFreq
 *(.RamFunc)
 *(.RamFunc*)
                0x000000002000000c                . = ALIGN (0x4)
 *fill*         0x0000000020000009        0x3 
                0x000000002000000c                _edata = .

.igot.plt       0x000000002000000c        0x0 load address 0x000000000800296c
 .igot.plt      0x000000002000000c        0x0 /Applications/STM32CubeIDE.app/Contents/Eclipse/plugins/com.st.stm32cube.ide.mcu.externaltools.gnu-tools-for-stm32.11.3.rel1.macos64_1.1.100.202310310803/tools/bin/../lib/gcc/arm-none-eabi/11.3.1/thumb/v7e-m+fp/hard/crtbegin.o
                0x000000002000000c                . = ALIGN (0x4)

.bss            0x000000002000000c      0x108 load address 0x000000000800296c
                0x000000002000000c                _sbss = .
                0x000000002000000c                __bss_start__ = _sbss
 *(.bss)
 .bss           0x000000002000000c       0x1c /Applications/STM32CubeIDE.app/Contents/Eclipse/plugins/com.st.stm32cube.ide.mcu.externaltools.gnu-tools-for-stm32.11.3.rel1.macos64_1.1.100.202310310803/tools/bin/../lib/gcc/arm-none-eabi/11.3.1/thumb/v7e-m+fp/hard/crtbegin.o
 *(.bss*)
 .bss.hspi2     0x0000000020000028       0x58 ./Core/Src/main.o
                0x0000000020000028                hspi2
 .bss.huart1    0x0000000020000080       0x48 ./Core/Src/main.o
                0x0000000020000080                huart1
 .bss.huart2    0x00000000200000c8       0x48 ./Core/Src/main.o
                0x00000000200000c8                huart2
 .bss.uwTick    0x0000000020000110        0x4 ./Drivers/STM32F4xx_HAL_Driver/Src/stm32f4xx_hal.o
                0x0000000020000110                uwTick
 *(COMMON)
                0x0000000020000114                . = ALIGN (0x4)
                0x0000000020000114                _ebss = .
                0x0000000020000114                __bss_end__ = _ebss

._user_heap_stack
                0x0000000020000114      0x604 load address 0x000000000800296c
                0x0000000020000118                . = ALIGN (0x8)
 *fill*         0x0000000020000114        0x4 
                [!provide]                        PROVIDE (end = .)
                0x0000000020000118                PROVIDE (_end = .)
                0x0000000020000318                . = (. + _Min_Heap_Size)
 *fill*         0x0000000020000118      0x200 
                0x0000000020000718                . = (. + _Min_Stack_Size)
 *fill*         0x0000000020000318      0x400 
                0x0000000020000718                . = ALIGN (0x8)

/DISCARD/
 libc.a(*)
 libm.a(*)
 libgcc.a(*)

.ARM.attributes
                0x0000000000000000       0x30
 *(.ARM.attributes)
 .ARM.attributes
                0x0000000000000000       0x1e /Applications/STM32CubeIDE.app/Contents/Eclipse/plugins/com.st.stm32cube.ide.mcu.externaltools.gnu-tools-for-stm32.11.3.rel1.macos64_1.1.100.202310310803/tools/bin/../lib/gcc/arm-none-eabi/11.3.1/thumb/v7e-m+fp/hard/crti.o
 .ARM.attributes
                0x000000000000001e       0x34 /Applications/STM32CubeIDE.app/Contents/Eclipse/plugins/com.st.stm32cube.ide.mcu.externaltools.gnu-tools-for-stm32.11.3.rel1.macos64_1.1.100.202310310803/tools/bin/../lib/gcc/arm-none-eabi/11.3.1/thumb/v7e-m+fp/hard/crtbegin.o
 .ARM.attributes
                0x0000000000000052       0x34 ./Core/Src/main.o
 .ARM.attributes
                0x0000000000000086       0x34 ./Core/Src/stm32f4xx_hal_msp.o
 .ARM.attributes
                0x00000000000000ba       0x34 ./Core/Src/stm32f4xx_it.o
 .ARM.attributes
                0x00000000000000ee       0x34 ./Core/Src/system_stm32f4xx.o
 .ARM.attributes
                0x0000000000000122       0x21 ./Core/Startup/startup_stm32f411retx.o
 .ARM.attributes
                0x0000000000000143       0x34 ./Drivers/STM32F4xx_HAL_Driver/Src/stm32f4xx_hal.o
 .ARM.attributes
                0x0000000000000177       0x34 ./Drivers/STM32F4xx_HAL_Driver/Src/stm32f4xx_hal_cortex.o
 .ARM.attributes
                0x00000000000001ab       0x34 ./Drivers/STM32F4xx_HAL_Driver/Src/stm32f4xx_hal_gpio.o
 .ARM.attributes
                0x00000000000001df       0x34 ./Drivers/STM32F4xx_HAL_Driver/Src/stm32f4xx_hal_rcc.o
 .ARM.attributes
                0x0000000000000213       0x34 ./Drivers/STM32F4xx_HAL_Driver/Src/stm32f4xx_hal_spi.o
 .ARM.attributes
                0x0000000000000247       0x34 ./Drivers/STM32F4xx_HAL_Driver/Src/stm32f4xx_hal_uart.o
 .ARM.attributes
                0x000000000000027b       0x34 /Applications/STM32CubeIDE.app/Contents/Eclipse/plugins/com.st.stm32cube.ide.mcu.externaltools.gnu-tools-for-stm32.11.3.rel1.macos64_1.1.100.202310310803/tools/bin/../lib/gcc/arm-none-eabi/11.3.1/../../../../arm-none-eabi/lib/thumb/v7e-m+fp/hard/libc_nano.a(libc_a-memset.o)
 .ARM.attributes
                0x00000000000002af       0x34 /Applications/STM32CubeIDE.app/Contents/Eclipse/plugins/com.st.stm32cube.ide.mcu.externaltools.gnu-tools-for-stm32.11.3.rel1.macos64_1.1.100.202310310803/tools/bin/../lib/gcc/arm-none-eabi/11.3.1/../../../../arm-none-eabi/lib/thumb/v7e-m+fp/hard/libc_nano.a(libc_a-init.o)
 .ARM.attributes
                0x00000000000002e3       0x1e /Applications/STM32CubeIDE.app/Contents/Eclipse/plugins/com.st.stm32cube.ide.mcu.externaltools.gnu-tools-for-stm32.11.3.rel1.macos64_1.1.100.202310310803/tools/bin/../lib/gcc/arm-none-eabi/11.3.1/thumb/v7e-m+fp/hard/libgcc.a(_aeabi_uldivmod.o)
 .ARM.attributes
                0x0000000000000301       0x34 /Applications/STM32CubeIDE.app/Contents/Eclipse/plugins/com.st.stm32cube.ide.mcu.externaltools.gnu-tools-for-stm32.11.3.rel1.macos64_1.1.100.202310310803/tools/bin/../lib/gcc/arm-none-eabi/11.3.1/thumb/v7e-m+fp/hard/libgcc.a(_udivmoddi4.o)
 .ARM.attributes
                0x0000000000000335       0x1e /Applications/STM32CubeIDE.app/Contents/Eclipse/plugins/com.st.stm32cube.ide.mcu.externaltools.gnu-tools-for-stm32.11.3.rel1.macos64_1.1.100.202310310803/tools/bin/../lib/gcc/arm-none-eabi/11.3.1/thumb/v7e-m+fp/hard/libgcc.a(_dvmd_tls.o)
 .ARM.attributes
                0x0000000000000353       0x1e /Applications/STM32CubeIDE.app/Contents/Eclipse/plugins/com.st.stm32cube.ide.mcu.externaltools.gnu-tools-for-stm32.11.3.rel1.macos64_1.1.100.202310310803/tools/bin/../lib/gcc/arm-none-eabi/11.3.1/thumb/v7e-m+fp/hard/crtn.o
OUTPUT(Lab5.1.elf elf32-littlearm)
LOAD linker stubs
LOAD /Applications/STM32CubeIDE.app/Contents/Eclipse/plugins/com.st.stm32cube.ide.mcu.externaltools.gnu-tools-for-stm32.11.3.rel1.macos64_1.1.100.202310310803/tools/bin/../lib/gcc/arm-none-eabi/11.3.1/../../../../arm-none-eabi/lib/thumb/v7e-m+fp/hard/libc.a
LOAD /Applications/STM32CubeIDE.app/Contents/Eclipse/plugins/com.st.stm32cube.ide.mcu.externaltools.gnu-tools-for-stm32.11.3.rel1.macos64_1.1.100.202310310803/tools/bin/../lib/gcc/arm-none-eabi/11.3.1/../../../../arm-none-eabi/lib/thumb/v7e-m+fp/hard/libm.a
LOAD /Applications/STM32CubeIDE.app/Contents/Eclipse/plugins/com.st.stm32cube.ide.mcu.externaltools.gnu-tools-for-stm32.11.3.rel1.macos64_1.1.100.202310310803/tools/bin/../lib/gcc/arm-none-eabi/11.3.1/thumb/v7e-m+fp/hard/libgcc.a

.comment        0x0000000000000000       0x43
 .comment       0x0000000000000000       0x43 /Applications/STM32CubeIDE.app/Contents/Eclipse/plugins/com.st.stm32cube.ide.mcu.externaltools.gnu-tools-for-stm32.11.3.rel1.macos64_1.1.100.202310310803/tools/bin/../lib/gcc/arm-none-eabi/11.3.1/thumb/v7e-m+fp/hard/crtbegin.o
                                         0x44 (size before relaxing)
 .comment       0x0000000000000043       0x44 ./Core/Src/main.o
 .comment       0x0000000000000043       0x44 ./Core/Src/stm32f4xx_hal_msp.o
 .comment       0x0000000000000043       0x44 ./Core/Src/stm32f4xx_it.o
 .comment       0x0000000000000043       0x44 ./Core/Src/system_stm32f4xx.o
 .comment       0x0000000000000043       0x44 ./Drivers/STM32F4xx_HAL_Driver/Src/stm32f4xx_hal.o
 .comment       0x0000000000000043       0x44 ./Drivers/STM32F4xx_HAL_Driver/Src/stm32f4xx_hal_cortex.o
 .comment       0x0000000000000043       0x44 ./Drivers/STM32F4xx_HAL_Driver/Src/stm32f4xx_hal_gpio.o
 .comment       0x0000000000000043       0x44 ./Drivers/STM32F4xx_HAL_Driver/Src/stm32f4xx_hal_rcc.o
 .comment       0x0000000000000043       0x44 ./Drivers/STM32F4xx_HAL_Driver/Src/stm32f4xx_hal_spi.o
 .comment       0x0000000000000043       0x44 ./Drivers/STM32F4xx_HAL_Driver/Src/stm32f4xx_hal_uart.o

.debug_info     0x0000000000000000     0x8ca0
 .debug_info    0x0000000000000000      0xee8 ./Core/Src/main.o
 .debug_info    0x0000000000000ee8      0xc73 ./Core/Src/stm32f4xx_hal_msp.o
 .debug_info    0x0000000000001b5b      0x112 ./Core/Src/stm32f4xx_it.o
 .debug_info    0x0000000000001c6d      0x53e ./Core/Src/system_stm32f4xx.o
 .debug_info    0x00000000000021ab       0x23 ./Core/Startup/startup_stm32f411retx.o
 .debug_info    0x00000000000021ce      0x8c4 ./Drivers/STM32F4xx_HAL_Driver/Src/stm32f4xx_hal.o
 .debug_info    0x0000000000002a92      0xcc7 ./Drivers/STM32F4xx_HAL_Driver/Src/stm32f4xx_hal_cortex.o
 .debug_info    0x0000000000003759      0x6f9 ./Drivers/STM32F4xx_HAL_Driver/Src/stm32f4xx_hal_gpio.o
 .debug_info    0x0000000000003e52      0x8f2 ./Drivers/STM32F4xx_HAL_Driver/Src/stm32f4xx_hal_rcc.o
 .debug_info    0x0000000000004744     0x1606 ./Drivers/STM32F4xx_HAL_Driver/Src/stm32f4xx_hal_spi.o
 .debug_info    0x0000000000005d4a     0x2f56 ./Drivers/STM32F4xx_HAL_Driver/Src/stm32f4xx_hal_uart.o

.debug_abbrev   0x0000000000000000     0x1564
 .debug_abbrev  0x0000000000000000      0x26e ./Core/Src/main.o
 .debug_abbrev  0x000000000000026e      0x1c1 ./Core/Src/stm32f4xx_hal_msp.o
 .debug_abbrev  0x000000000000042f       0x73 ./Core/Src/stm32f4xx_it.o
 .debug_abbrev  0x00000000000004a2      0x11a ./Core/Src/system_stm32f4xx.o
 .debug_abbrev  0x00000000000005bc       0x12 ./Core/Startup/startup_stm32f411retx.o
 .debug_abbrev  0x00000000000005ce      0x24b ./Drivers/STM32F4xx_HAL_Driver/Src/stm32f4xx_hal.o
 .debug_abbrev  0x0000000000000819      0x328 ./Drivers/STM32F4xx_HAL_Driver/Src/stm32f4xx_hal_cortex.o
 .debug_abbrev  0x0000000000000b41      0x1d3 ./Drivers/STM32F4xx_HAL_Driver/Src/stm32f4xx_hal_gpio.o
 .debug_abbrev  0x0000000000000d14      0x2b5 ./Drivers/STM32F4xx_HAL_Driver/Src/stm32f4xx_hal_rcc.o
 .debug_abbrev  0x0000000000000fc9      0x280 ./Drivers/STM32F4xx_HAL_Driver/Src/stm32f4xx_hal_spi.o
 .debug_abbrev  0x0000000000001249      0x31b ./Drivers/STM32F4xx_HAL_Driver/Src/stm32f4xx_hal_uart.o

.debug_aranges  0x0000000000000000      0x808
 .debug_aranges
                0x0000000000000000       0x50 ./Core/Src/main.o
 .debug_aranges
                0x0000000000000050       0x40 ./Core/Src/stm32f4xx_hal_msp.o
 .debug_aranges
                0x0000000000000090       0x60 ./Core/Src/stm32f4xx_it.o
 .debug_aranges
                0x00000000000000f0       0x28 ./Core/Src/system_stm32f4xx.o
 .debug_aranges
                0x0000000000000118       0x28 ./Core/Startup/startup_stm32f411retx.o
 .debug_aranges
                0x0000000000000140       0xf0 ./Drivers/STM32F4xx_HAL_Driver/Src/stm32f4xx_hal.o
 .debug_aranges
                0x0000000000000230      0x120 ./Drivers/STM32F4xx_HAL_Driver/Src/stm32f4xx_hal_cortex.o
 .debug_aranges
                0x0000000000000350       0x58 ./Drivers/STM32F4xx_HAL_Driver/Src/stm32f4xx_hal_gpio.o
 .debug_aranges
                0x00000000000003a8       0x88 ./Drivers/STM32F4xx_HAL_Driver/Src/stm32f4xx_hal_rcc.o
 .debug_aranges
                0x0000000000000430      0x1d0 ./Drivers/STM32F4xx_HAL_Driver/Src/stm32f4xx_hal_spi.o
 .debug_aranges
                0x0000000000000600      0x208 ./Drivers/STM32F4xx_HAL_Driver/Src/stm32f4xx_hal_uart.o

.debug_rnglists
                0x0000000000000000      0x62f
 .debug_rnglists
                0x0000000000000000       0x39 ./Core/Src/main.o
 .debug_rnglists
                0x0000000000000039       0x2d ./Core/Src/stm32f4xx_hal_msp.o
 .debug_rnglists
                0x0000000000000066       0x43 ./Core/Src/stm32f4xx_it.o
 .debug_rnglists
                0x00000000000000a9       0x1a ./Core/Src/system_stm32f4xx.o
 .debug_rnglists
                0x00000000000000c3       0x19 ./Core/Startup/startup_stm32f411retx.o
 .debug_rnglists
                0x00000000000000dc       0xaf ./Drivers/STM32F4xx_HAL_Driver/Src/stm32f4xx_hal.o
 .debug_rnglists
                0x000000000000018b       0xd4 ./Drivers/STM32F4xx_HAL_Driver/Src/stm32f4xx_hal_cortex.o
 .debug_rnglists
                0x000000000000025f       0x3f ./Drivers/STM32F4xx_HAL_Driver/Src/stm32f4xx_hal_gpio.o
 .debug_rnglists
                0x000000000000029e       0x66 ./Drivers/STM32F4xx_HAL_Driver/Src/stm32f4xx_hal_rcc.o
 .debug_rnglists
                0x0000000000000304      0x16f ./Drivers/STM32F4xx_HAL_Driver/Src/stm32f4xx_hal_spi.o
 .debug_rnglists
                0x0000000000000473      0x1bc ./Drivers/STM32F4xx_HAL_Driver/Src/stm32f4xx_hal_uart.o

.debug_macro    0x0000000000000000    0x14cbf
 .debug_macro   0x0000000000000000      0x1d3 ./Core/Src/main.o
 .debug_macro   0x00000000000001d3      0xaa8 ./Core/Src/main.o
 .debug_macro   0x0000000000000c7b      0x29b ./Core/Src/main.o
 .debug_macro   0x0000000000000f16       0x2e ./Core/Src/main.o
 .debug_macro   0x0000000000000f44       0x28 ./Core/Src/main.o
 .debug_macro   0x0000000000000f6c       0x22 ./Core/Src/main.o
 .debug_macro   0x0000000000000f8e       0x8e ./Core/Src/main.o
 .debug_macro   0x000000000000101c       0x51 ./Core/Src/main.o
 .debug_macro   0x000000000000106d      0x103 ./Core/Src/main.o
 .debug_macro   0x0000000000001170       0x6a ./Core/Src/main.o
 .debug_macro   0x00000000000011da      0x1df ./Core/Src/main.o
 .debug_macro   0x00000000000013b9       0x1c ./Core/Src/main.o
 .debug_macro   0x00000000000013d5       0x22 ./Core/Src/main.o
 .debug_macro   0x00000000000013f7       0xfb ./Core/Src/main.o
 .debug_macro   0x00000000000014f2     0x1011 ./Core/Src/main.o
 .debug_macro   0x0000000000002503      0x11f ./Core/Src/main.o
 .debug_macro   0x0000000000002622     0xb953 ./Core/Src/main.o
 .debug_macro   0x000000000000df75       0x6d ./Core/Src/main.o
 .debug_macro   0x000000000000dfe2     0x368c ./Core/Src/main.o
 .debug_macro   0x000000000001166e      0x174 ./Core/Src/main.o
 .debug_macro   0x00000000000117e2       0x5c ./Core/Src/main.o
 .debug_macro   0x000000000001183e      0x45c ./Core/Src/main.o
 .debug_macro   0x0000000000011c9a      0x9e9 ./Core/Src/main.o
 .debug_macro   0x0000000000012683      0x115 ./Core/Src/main.o
 .debug_macro   0x0000000000012798      0x11b ./Core/Src/main.o
 .debug_macro   0x00000000000128b3       0xa5 ./Core/Src/main.o
 .debug_macro   0x0000000000012958      0x15f ./Core/Src/main.o
 .debug_macro   0x0000000000012ab7      0x287 ./Core/Src/main.o
 .debug_macro   0x0000000000012d3e       0x5f ./Core/Src/main.o
 .debug_macro   0x0000000000012d9d      0x236 ./Core/Src/main.o
 .debug_macro   0x0000000000012fd3      0x132 ./Core/Src/main.o
 .debug_macro   0x0000000000013105      0x264 ./Core/Src/main.o
 .debug_macro   0x0000000000013369       0x2e ./Core/Src/main.o
 .debug_macro   0x0000000000013397      0x127 ./Core/Src/main.o
 .debug_macro   0x00000000000134be       0x85 ./Core/Src/main.o
 .debug_macro   0x0000000000013543       0x89 ./Core/Src/main.o
 .debug_macro   0x00000000000135cc      0x225 ./Core/Src/main.o
 .debug_macro   0x00000000000137f1      0x2aa ./Core/Src/main.o
 .debug_macro   0x0000000000013a9b      0x126 ./Core/Src/main.o
 .debug_macro   0x0000000000013bc1       0x58 ./Core/Src/main.o
 .debug_macro   0x0000000000013c19      0x1d3 ./Core/Src/stm32f4xx_hal_msp.o
 .debug_macro   0x0000000000013dec      0x1dd ./Core/Src/stm32f4xx_it.o
 .debug_macro   0x0000000000013fc9      0x1c4 ./Core/Src/system_stm32f4xx.o
 .debug_macro   0x000000000001418d      0x224 ./Drivers/STM32F4xx_HAL_Driver/Src/stm32f4xx_hal.o
 .debug_macro   0x00000000000143b1      0x1c4 ./Drivers/STM32F4xx_HAL_Driver/Src/stm32f4xx_hal_cortex.o
 .debug_macro   0x0000000000014575      0x1ca ./Drivers/STM32F4xx_HAL_Driver/Src/stm32f4xx_hal_gpio.o
 .debug_macro   0x000000000001473f      0x1e8 ./Drivers/STM32F4xx_HAL_Driver/Src/stm32f4xx_hal_rcc.o
 .debug_macro   0x0000000000014927      0x1d3 ./Drivers/STM32F4xx_HAL_Driver/Src/stm32f4xx_hal_spi.o
 .debug_macro   0x0000000000014afa      0x1c5 ./Drivers/STM32F4xx_HAL_Driver/Src/stm32f4xx_hal_uart.o

.debug_line     0x0000000000000000     0x925e
 .debug_line    0x0000000000000000      0x82d ./Core/Src/main.o
 .debug_line    0x000000000000082d      0x7a9 ./Core/Src/stm32f4xx_hal_msp.o
 .debug_line    0x0000000000000fd6      0x78c ./Core/Src/stm32f4xx_it.o
 .debug_line    0x0000000000001762      0x74b ./Core/Src/system_stm32f4xx.o
 .debug_line    0x0000000000001ead       0x7a ./Core/Startup/startup_stm32f411retx.o
 .debug_line    0x0000000000001f27      0x9b1 ./Drivers/STM32F4xx_HAL_Driver/Src/stm32f4xx_hal.o
 .debug_line    0x00000000000028d8      0xc7d ./Drivers/STM32F4xx_HAL_Driver/Src/stm32f4xx_hal_cortex.o
 .debug_line    0x0000000000003555      0xae9 ./Drivers/STM32F4xx_HAL_Driver/Src/stm32f4xx_hal_gpio.o
 .debug_line    0x000000000000403e      0xd2a ./Drivers/STM32F4xx_HAL_Driver/Src/stm32f4xx_hal_rcc.o
 .debug_line    0x0000000000004d68     0x1c88 ./Drivers/STM32F4xx_HAL_Driver/Src/stm32f4xx_hal_spi.o
 .debug_line    0x00000000000069f0     0x286e ./Drivers/STM32F4xx_HAL_Driver/Src/stm32f4xx_hal_uart.o

.debug_str      0x0000000000000000    0x83906
 .debug_str     0x0000000000000000    0x81a96 ./Core/Src/main.o
                                      0x81d86 (size before relaxing)
 .debug_str     0x0000000000081a96       0xaa ./Core/Src/stm32f4xx_hal_msp.o
                                      0x81b98 (size before relaxing)
 .debug_str     0x0000000000081b40       0xc9 ./Core/Src/stm32f4xx_it.o
                                      0x8141f (size before relaxing)
 .debug_str     0x0000000000081c09       0xdb ./Core/Src/system_stm32f4xx.o
                                      0x81435 (size before relaxing)
 .debug_str     0x0000000000081ce4       0x34 ./Core/Startup/startup_stm32f411retx.o
                                         0x75 (size before relaxing)
 .debug_str     0x0000000000081d18      0x99b ./Drivers/STM32F4xx_HAL_Driver/Src/stm32f4xx_hal.o
                                      0x81e61 (size before relaxing)
 .debug_str     0x00000000000826b3      0x361 ./Drivers/STM32F4xx_HAL_Driver/Src/stm32f4xx_hal_cortex.o
                                      0x81b99 (size before relaxing)
 .debug_str     0x0000000000082a14      0x10e ./Drivers/STM32F4xx_HAL_Driver/Src/stm32f4xx_hal_gpio.o
                                      0x815b0 (size before relaxing)
 .debug_str     0x0000000000082b22      0x233 ./Drivers/STM32F4xx_HAL_Driver/Src/stm32f4xx_hal_rcc.o
                                      0x81869 (size before relaxing)
 .debug_str     0x0000000000082d55      0x592 ./Drivers/STM32F4xx_HAL_Driver/Src/stm32f4xx_hal_spi.o
                                      0x81ce7 (size before relaxing)
 .debug_str     0x00000000000832e7      0x61f ./Drivers/STM32F4xx_HAL_Driver/Src/stm32f4xx_hal_uart.o
                                      0x81e38 (size before relaxing)

.debug_frame    0x0000000000000000     0x2098
 .debug_frame   0x0000000000000000       0xe4 ./Core/Src/main.o
 .debug_frame   0x00000000000000e4       0xc4 ./Core/Src/stm32f4xx_hal_msp.o
 .debug_frame   0x00000000000001a8      0x104 ./Core/Src/stm32f4xx_it.o
 .debug_frame   0x00000000000002ac       0x58 ./Core/Src/system_stm32f4xx.o
 .debug_frame   0x0000000000000304      0x374 ./Drivers/STM32F4xx_HAL_Driver/Src/stm32f4xx_hal.o
 .debug_frame   0x0000000000000678      0x4b8 ./Drivers/STM32F4xx_HAL_Driver/Src/stm32f4xx_hal_cortex.o
 .debug_frame   0x0000000000000b30      0x14c ./Drivers/STM32F4xx_HAL_Driver/Src/stm32f4xx_hal_gpio.o
 .debug_frame   0x0000000000000c7c      0x1f4 ./Drivers/STM32F4xx_HAL_Driver/Src/stm32f4xx_hal_rcc.o
 .debug_frame   0x0000000000000e70      0x828 ./Drivers/STM32F4xx_HAL_Driver/Src/stm32f4xx_hal_spi.o
 .debug_frame   0x0000000000001698      0x954 ./Drivers/STM32F4xx_HAL_Driver/Src/stm32f4xx_hal_uart.o
 .debug_frame   0x0000000000001fec       0x20 /Applications/STM32CubeIDE.app/Contents/Eclipse/plugins/com.st.stm32cube.ide.mcu.externaltools.gnu-tools-for-stm32.11.3.rel1.macos64_1.1.100.202310310803/tools/bin/../lib/gcc/arm-none-eabi/11.3.1/../../../../arm-none-eabi/lib/thumb/v7e-m+fp/hard/libc_nano.a(libc_a-memset.o)
 .debug_frame   0x000000000000200c       0x2c /Applications/STM32CubeIDE.app/Contents/Eclipse/plugins/com.st.stm32cube.ide.mcu.externaltools.gnu-tools-for-stm32.11.3.rel1.macos64_1.1.100.202310310803/tools/bin/../lib/gcc/arm-none-eabi/11.3.1/../../../../arm-none-eabi/lib/thumb/v7e-m+fp/hard/libc_nano.a(libc_a-init.o)
 .debug_frame   0x0000000000002038       0x2c /Applications/STM32CubeIDE.app/Contents/Eclipse/plugins/com.st.stm32cube.ide.mcu.externaltools.gnu-tools-for-stm32.11.3.rel1.macos64_1.1.100.202310310803/tools/bin/../lib/gcc/arm-none-eabi/11.3.1/thumb/v7e-m+fp/hard/libgcc.a(_aeabi_uldivmod.o)
 .debug_frame   0x0000000000002064       0x34 /Applications/STM32CubeIDE.app/Contents/Eclipse/plugins/com.st.stm32cube.ide.mcu.externaltools.gnu-tools-for-stm32.11.3.rel1.macos64_1.1.100.202310310803/tools/bin/../lib/gcc/arm-none-eabi/11.3.1/thumb/v7e-m+fp/hard/libgcc.a(_udivmoddi4.o)

.debug_line_str
                0x0000000000000000       0x69
 .debug_line_str
                0x0000000000000000       0x69 ./Core/Startup/startup_stm32f411retx.o
                                         0x81 (size before relaxing)
