../Core/Src/main.c:100:5:main	8	static
../Core/Src/main.c:191:6:SystemClock_Config	88	static
../Core/Src/main.c:238:13:MX_USART2_UART_Init	8	static
../Core/Src/main.c:271:13:MX_GPIO_Init	48	static
../Core/Src/main.c:314:6:StartDefaultTask	16	static
../Core/Src/main.c:330:6:led_callback_1	16	static
../Core/Src/main.c:338:6:led_callback_2	16	static
../Core/Src/main.c:346:6:led_callback_3	16	static
../Core/Src/main.c:354:6:led_callback_4	16	static
../Core/Src/main.c:365:6:Error_Handler	4	static,ignoring_inline_asm
