../Core/Src/main.c:78:5:main	160	static
../Core/Src/main.c:168:6:SystemClock_Config	88	static
../Core/Src/main.c:215:13:MX_USART2_UART_Init	8	static
../Core/Src/main.c:248:13:MX_GPIO_Init	48	static
../Core/Src/main.c:291:6:StartDefaultTask	16	static
../Core/Src/main.c:309:6:led_thread_1	16	static
../Core/Src/main.c:328:6:led_thread_2	16	static
../Core/Src/main.c:347:6:led_thread_3	16	static
../Core/Src/main.c:366:6:led_thread_4	16	static
../Core/Src/main.c:382:6:Error_Handler	4	static,ignoring_inline_asm
