Archive member included to satisfy reference by file (symbol)

/Applications/STM32CubeIDE.app/Contents/Eclipse/plugins/com.st.stm32cube.ide.mcu.externaltools.gnu-tools-for-stm32.11.3.rel1.macos64_1.1.100.202310310803/tools/bin/../lib/gcc/arm-none-eabi/11.3.1/../../../../arm-none-eabi/lib/thumb/v7e-m+fp/hard/libc_nano.a(libc_a-exit.o)
                              /Applications/STM32CubeIDE.app/Contents/Eclipse/plugins/com.st.stm32cube.ide.mcu.externaltools.gnu-tools-for-stm32.11.3.rel1.macos64_1.1.100.202310310803/tools/bin/../lib/gcc/arm-none-eabi/11.3.1/../../../../arm-none-eabi/lib/thumb/v7e-m+fp/hard/crt0.o (exit)
/Applications/STM32CubeIDE.app/Contents/Eclipse/plugins/com.st.stm32cube.ide.mcu.externaltools.gnu-tools-for-stm32.11.3.rel1.macos64_1.1.100.202310310803/tools/bin/../lib/gcc/arm-none-eabi/11.3.1/../../../../arm-none-eabi/lib/thumb/v7e-m+fp/hard/libc_nano.a(libc_a-findfp.o)
                              /Applications/STM32CubeIDE.app/Contents/Eclipse/plugins/com.st.stm32cube.ide.mcu.externaltools.gnu-tools-for-stm32.11.3.rel1.macos64_1.1.100.202310310803/tools/bin/../lib/gcc/arm-none-eabi/11.3.1/../../../../arm-none-eabi/lib/thumb/v7e-m+fp/hard/libc_nano.a(libc_a-exit.o) (__stdio_exit_handler)
/Applications/STM32CubeIDE.app/Contents/Eclipse/plugins/com.st.stm32cube.ide.mcu.externaltools.gnu-tools-for-stm32.11.3.rel1.macos64_1.1.100.202310310803/tools/bin/../lib/gcc/arm-none-eabi/11.3.1/../../../../arm-none-eabi/lib/thumb/v7e-m+fp/hard/libc_nano.a(libc_a-fwalk.o)
                              /Applications/STM32CubeIDE.app/Contents/Eclipse/plugins/com.st.stm32cube.ide.mcu.externaltools.gnu-tools-for-stm32.11.3.rel1.macos64_1.1.100.202310310803/tools/bin/../lib/gcc/arm-none-eabi/11.3.1/../../../../arm-none-eabi/lib/thumb/v7e-m+fp/hard/libc_nano.a(libc_a-findfp.o) (_fwalk_sglue)
/Applications/STM32CubeIDE.app/Contents/Eclipse/plugins/com.st.stm32cube.ide.mcu.externaltools.gnu-tools-for-stm32.11.3.rel1.macos64_1.1.100.202310310803/tools/bin/../lib/gcc/arm-none-eabi/11.3.1/../../../../arm-none-eabi/lib/thumb/v7e-m+fp/hard/libc_nano.a(libc_a-memset.o)
                              /Applications/STM32CubeIDE.app/Contents/Eclipse/plugins/com.st.stm32cube.ide.mcu.externaltools.gnu-tools-for-stm32.11.3.rel1.macos64_1.1.100.202310310803/tools/bin/../lib/gcc/arm-none-eabi/11.3.1/../../../../arm-none-eabi/lib/thumb/v7e-m+fp/hard/crt0.o (memset)
/Applications/STM32CubeIDE.app/Contents/Eclipse/plugins/com.st.stm32cube.ide.mcu.externaltools.gnu-tools-for-stm32.11.3.rel1.macos64_1.1.100.202310310803/tools/bin/../lib/gcc/arm-none-eabi/11.3.1/../../../../arm-none-eabi/lib/thumb/v7e-m+fp/hard/libc_nano.a(libc_a-impure.o)
                              /Applications/STM32CubeIDE.app/Contents/Eclipse/plugins/com.st.stm32cube.ide.mcu.externaltools.gnu-tools-for-stm32.11.3.rel1.macos64_1.1.100.202310310803/tools/bin/../lib/gcc/arm-none-eabi/11.3.1/../../../../arm-none-eabi/lib/thumb/v7e-m+fp/hard/libc_nano.a(libc_a-findfp.o) (_impure_data)
/Applications/STM32CubeIDE.app/Contents/Eclipse/plugins/com.st.stm32cube.ide.mcu.externaltools.gnu-tools-for-stm32.11.3.rel1.macos64_1.1.100.202310310803/tools/bin/../lib/gcc/arm-none-eabi/11.3.1/../../../../arm-none-eabi/lib/thumb/v7e-m+fp/hard/libc_nano.a(libc_a-errno.o)
                              ./Core/Src/syscalls.o (__errno)
/Applications/STM32CubeIDE.app/Contents/Eclipse/plugins/com.st.stm32cube.ide.mcu.externaltools.gnu-tools-for-stm32.11.3.rel1.macos64_1.1.100.202310310803/tools/bin/../lib/gcc/arm-none-eabi/11.3.1/../../../../arm-none-eabi/lib/thumb/v7e-m+fp/hard/libc_nano.a(libc_a-init.o)
                              /Applications/STM32CubeIDE.app/Contents/Eclipse/plugins/com.st.stm32cube.ide.mcu.externaltools.gnu-tools-for-stm32.11.3.rel1.macos64_1.1.100.202310310803/tools/bin/../lib/gcc/arm-none-eabi/11.3.1/../../../../arm-none-eabi/lib/thumb/v7e-m+fp/hard/crt0.o (__libc_init_array)
/Applications/STM32CubeIDE.app/Contents/Eclipse/plugins/com.st.stm32cube.ide.mcu.externaltools.gnu-tools-for-stm32.11.3.rel1.macos64_1.1.100.202310310803/tools/bin/../lib/gcc/arm-none-eabi/11.3.1/../../../../arm-none-eabi/lib/thumb/v7e-m+fp/hard/libc_nano.a(libc_a-lock.o)
                              /Applications/STM32CubeIDE.app/Contents/Eclipse/plugins/com.st.stm32cube.ide.mcu.externaltools.gnu-tools-for-stm32.11.3.rel1.macos64_1.1.100.202310310803/tools/bin/../lib/gcc/arm-none-eabi/11.3.1/../../../../arm-none-eabi/lib/thumb/v7e-m+fp/hard/libc_nano.a(libc_a-findfp.o) (__retarget_lock_init_recursive)
/Applications/STM32CubeIDE.app/Contents/Eclipse/plugins/com.st.stm32cube.ide.mcu.externaltools.gnu-tools-for-stm32.11.3.rel1.macos64_1.1.100.202310310803/tools/bin/../lib/gcc/arm-none-eabi/11.3.1/../../../../arm-none-eabi/lib/thumb/v7e-m+fp/hard/libc_nano.a(libc_a-mallocr.o)
[...]
Memory Configuration

Name             Origin             Length             Attributes
RAM              0x0000000020000000 0x0000000000020000 xrw
FLASH            0x0000000008000000 0x0000000000080000 xr
*default*        0x0000000000000000 0xffffffffffffffff

Linker script and memory map

LOAD /Applications/STM32CubeIDE.app/Contents/Eclipse/plugins/com.st.stm32cube.ide.mcu.externaltools.gnu-tools-for-stm32.11.3.rel1.macos64_1.1.100.202310310803/tools/bin/../lib/gcc/arm-none-eabi/11.3.1/thumb/v7e-m+fp/hard/crti.o
LOAD /Applications/STM32CubeIDE.app/Contents/Eclipse/plugins/com.st.stm32cube.ide.mcu.externaltools.gnu-tools-for-stm32.11.3.rel1.macos64_1.1.100.202310310803/tools/bin/../lib/gcc/arm-none-eabi/11.3.1/thumb/v7e-m+fp/hard/crtbegin.o
LOAD /Applications/STM32CubeIDE.app/Contents/Eclipse/plugins/com.st.stm32cube.ide.mcu.externaltools.gnu-tools-for-stm32.11.3.rel1.macos64_1.1.100.202310310803/tools/bin/../lib/gcc/arm-none-eabi/11.3.1/../../../../arm-none-eabi/lib/thumb/v7e-m+fp/hard/crt0.o
LOAD ./Core/Src/main.o
LOAD ./Core/Src/stm32f4xx_hal_msp.o
LOAD ./Core/Src/stm32f4xx_it.o
LOAD ./Core/Src/syscalls.o
LOAD ./Core/Src/sysmem.o
LOAD ./Core/Src/system_stm32f4xx.o
LOAD ./Core/Startup/startup_stm32f411retx.o
LOAD ./Drivers/STM32F4xx_HAL_Driver/Src/stm32f4xx_hal.o
LOAD ./Drivers/STM32F4xx_HAL_Driver/Src/stm32f4xx_hal_cortex.o
LOAD ./Drivers/STM32F4xx_HAL_Driver/Src/stm32f4xx_hal_dma.o
LOAD ./Drivers/STM32F4xx_HAL_Driver/Src/stm32f4xx_hal_dma_ex.o
LOAD ./Drivers/STM32F4xx_HAL_Driver/Src/stm32f4xx_hal_exti.o
LOAD ./Drivers/STM32F4xx_HAL_Driver/Src/stm32f4xx_hal_flash.o
LOAD ./Drivers/STM32F4xx_HAL_Driver/Src/stm32f4xx_hal_flash_ex.o
LOAD ./Drivers/STM32F4xx_HAL_Driver/Src/stm32f4xx_hal_flash_ramfunc.o
LOAD ./Drivers/STM32F4xx_HAL_Driver/Src/stm32f4xx_hal_gpio.o
LOAD ./Drivers/STM32F4xx_HAL_Driver/Src/stm32f4xx_hal_pwr.o
LOAD ./Drivers/STM32F4xx_HAL_Driver/Src/stm32f4xx_hal_pwr_ex.o
LOAD ./Drivers/STM32F4xx_HAL_Driver/Src/stm32f4xx_hal_rcc.o
LOAD ./Drivers/STM32F4xx_HAL_Driver/Src/stm32f4xx_hal_rcc_ex.o
LOAD ./Drivers/STM32F4xx_HAL_Driver/Src/stm32f4xx_hal_spi.o
LOAD ./Drivers/STM32F4xx_HAL_Driver/Src/stm32f4xx_hal_tim.o
LOAD ./Drivers/STM32F4xx_HAL_Driver/Src/stm32f4xx_hal_tim_ex.o
LOAD ./Drivers/STM32F4xx_HAL_Driver/Src/stm32f4xx_hal_uart.o
START GROUP
LOAD /Applications/STM32CubeIDE.app/Contents/Eclipse/plugins/com.st.stm32cube.ide.mcu.externaltools.gnu-tools-for-stm32.11.3.rel1.macos64_1.1.100.202310310803/tools/bin/../lib/gcc/arm-none-eabi/11.3.1/../../../../arm-none-eabi/lib/thumb/v7e-m+fp/hard/libc_nano.a
LOAD /Applications/STM32CubeIDE.app/Contents/Eclipse/plugins/com.st.stm32cube.ide.mcu.externaltools.gnu-tools-for-stm32.11.3.rel1.macos64_1.1.100.202310310803/tools/bin/../lib/gcc/arm-none-eabi/11.3.1/../../../../arm-none-eabi/lib/thumb/v7e-m+fp/hard/libm.a
END GROUP
START GROUP
LOAD /Applications/STM32CubeIDE.app/Contents/Eclipse/plugins/com.st.stm32cube.ide.mcu.externaltools.gnu-tools-for-stm32.11.3.rel1.macos64_1.1.100.202310310803/tools/bin/../lib/gcc/arm-none-eabi/11.3.1/thumb/v7e-m+fp/hard/libgcc.a
LOAD /Applications/STM32CubeIDE.app/Contents/Eclipse/plugins/com.st.stm32cube.ide.mcu.externaltools.gnu-tools-for-stm32.11.3.rel1.macos64_1.1.100.202310310803/tools/bin/../lib/gcc/arm-none-eabi/11.3.1/../../../../arm-none-eabi/lib/thumb/v7e-m+fp/hard/libc_nano.a
END GROUP
START GROUP
LOAD /Applications/STM32CubeIDE.app/Contents/Eclipse/plugins/com.st.stm32cube.ide.mcu.externaltools.gnu-tools-for-stm32.11.3.rel1.macos64_1.1.100.202310310803/tools/bin/../lib/gcc/arm-none-eabi/11.3.1/thumb/v7e-m+fp/hard/libgcc.a
LOAD /Applications/STM32CubeIDE.app/Contents/Eclipse/plugins/com.st.stm32cube.ide.mcu.externaltools.gnu-tools-for-stm32.11.3.rel1.macos64_1.1.100.202310310803/tools/bin/../lib/gcc/arm-none-eabi/11.3.1/../../../../arm-none-eabi/lib/thumb/v7e-m+fp/hard/libc_nano.a
LOAD /Applications/STM32CubeIDE.app/Contents/Eclipse/plugins/com.st.stm32cube.ide.mcu.externaltools.gnu-tools-for-stm32.11.3.rel1.macos64_1.1.100.202310310803/tools/bin/../lib/gcc/arm-none-eabi/11.3.1/../../../../arm-none-eabi/lib/thumb/v7e-m+fp/hard/libnosys.a
END GROUP
START GROUP
LOAD /Applications/STM32CubeIDE.app/Contents/Eclipse/plugins/com.st.stm32cube.ide.mcu.externaltools.gnu-tools-for-stm32.11.3.rel1.macos64_1.1.100.202310310803/tools/bin/../lib/gcc/arm-none-eabi/11.3.1/thumb/v7e-m+fp/hard/libgcc.a
LOAD /Applications/STM32CubeIDE.app/Contents/Eclipse/plugins/com.st.stm32cube.ide.mcu.externaltools.gnu-tools-for-stm32.11.3.rel1.macos64_1.1.100.202310310803/tools/bin/../lib/gcc/arm-none-eabi/11.3.1/../../../../arm-none-eabi/lib/thumb/v7e-m+fp/hard/libc_nano.a
LOAD /Applications/STM32CubeIDE.app/Contents/Eclipse/plugins/com.st.stm32cube.ide.mcu.externaltools.gnu-tools-for-stm32.11.3.rel1.macos64_1.1.100.202310310803/tools/bin/../lib/gcc/arm-none-eabi/11.3.1/../../../../arm-none-eabi/lib/thumb/v7e-m+fp/hard/libnosys.a
END GROUP
LOAD /Applications/STM32CubeIDE.app/Contents/Eclipse/plugins/com.st.stm32cube.ide.mcu.externaltools.gnu-tools-for-stm32.11.3.rel1.macos64_1.1.100.202310310803/tools/bin/../lib/gcc/arm-none-eabi/11.3.1/thumb/v7e-m+fp/hard/crtend.o
LOAD /Applications/STM32CubeIDE.app/Contents/Eclipse/plugins/com.st.stm32cube.ide.mcu.externaltools.gnu-tools-for-stm32.11.3.rel1.macos64_1.1.100.202310310803/tools/bin/../lib/gcc/arm-none-eabi/11.3.1/thumb/v7e-m+fp/hard/crtn.o
                0x0000000020020000                _estack = (ORIGIN (RAM) + LENGTH (RAM))
                0x0000000000000200                _Min_Heap_Size = 0x200
                0x0000000000000400                _Min_Stack_Size = 0x400

.isr_vector     0x0000000008000000      0x198
                0x0000000008000000                . = ALIGN (0x4)
 *(.isr_vector)
 .isr_vector    0x0000000008000000      0x198 ./Core/Startup/startup_stm32f411retx.o
                0x0000000008000000                g_pfnVectors
                0x0000000008000198                . = ALIGN (0x4)

.text           0x0000000008000198     0x3128
                0x0000000008000198                . = ALIGN (0x4)
 *(.text)
 .text          0x0000000008000198       0x40 /Applications/STM32CubeIDE.app/Contents/Eclipse/plugins/com.st.stm32cube.ide.mcu.externaltools.gnu-tools-for-stm32.11.3.rel1.macos64_1.1.100.202310310803/tools/bin/../lib/gcc/arm-none-eabi/11.3.1/thumb/v7e-m+fp/hard/crtbegin.o
 .text          0x00000000080001d8       0x30 /Applications/STM32CubeIDE.app/Contents/Eclipse/plugins/com.st.stm32cube.ide.mcu.externaltools.gnu-tools-for-stm32.11.3.rel1.macos64_1.1.100.202310310803/tools/bin/../lib/gcc/arm-none-eabi/11.3.1/thumb/v7e-m+fp/hard/libgcc.a(_aeabi_uldivmod.o)
                0x00000000080001d8                __aeabi_uldivmod
 .text          0x0000000008000208      0x2c8 /Applications/STM32CubeIDE.app/Contents/Eclipse/plugins/com.st.stm32cube.ide.mcu.externaltools.gnu-tools-for-stm32.11.3.rel1.macos64_1.1.100.202310310803/tools/bin/../lib/gcc/arm-none-eabi/11.3.1/thumb/v7e-m+fp/hard/libgcc.a(_udivmoddi4.o)
                0x0000000008000208                __udivmoddi4
 .text          0x00000000080004d0        0x4 /Applications/STM32CubeIDE.app/Contents/Eclipse/plugins/com.st.stm32cube.ide.mcu.externaltools.gnu-tools-for-stm32.11.3.rel1.macos64_1.1.100.202310310803/tools/bin/../lib/gcc/arm-none-eabi/11.3.1/thumb/v7e-m+fp/hard/libgcc.a(_dvmd_tls.o)
                0x00000000080004d0                __aeabi_ldiv0
                0x00000000080004d0                __aeabi_idiv0
 *(.text*)
 .text.HAL_SPI_RxCpltCallback
                0x00000000080004d4       0x3c ./Core/Src/main.o
                0x00000000080004d4                HAL_SPI_RxCpltCallback
 .text.main     0x0000000008000510       0x70 ./Core/Src/main.o
                0x0000000008000510                main
 .text.SystemClock_Config
                0x0000000008000580       0xd4 ./Core/Src/main.o
                0x0000000008000580                SystemClock_Config
 .text.MX_SPI2_Init
                0x0000000008000654       0x6c ./Core/Src/main.o
 .text.MX_SPI3_Init
                0x00000000080006c0       0x68 ./Core/Src/main.o
 .text.MX_USART2_UART_Init
                0x0000000008000728       0x54 ./Core/Src/main.o
 .text.MX_GPIO_Init
                0x000000000800077c       0xdc ./Core/Src/main.o
 .text.Error_Handler
                0x0000000008000858        0xa ./Core/Src/main.o
                0x0000000008000858                Error_Handler
 *fill*         0x0000000008000862        0x2 
 .text.HAL_MspInit
                0x0000000008000864       0x50 ./Core/Src/stm32f4xx_hal_msp.o
                0x0000000008000864                HAL_MspInit
 .text.HAL_SPI_MspInit
                0x00000000080008b4      0x188 ./Core/Src/stm32f4xx_hal_msp.o
                0x00000000080008b4                HAL_SPI_MspInit
 .text.HAL_UART_MspInit
                0x0000000008000a3c       0x90 ./Core/Src/stm32f4xx_hal_msp.o
                0x0000000008000a3c                HAL_UART_MspInit
 .text.NMI_Handler
                0x0000000008000acc        0x6 ./Core/Src/stm32f4xx_it.o
                0x0000000008000acc                NMI_Handler
 .text.HardFault_Handler
                0x0000000008000ad2        0x6 ./Core/Src/stm32f4xx_it.o
                0x0000000008000ad2                HardFault_Handler
 .text.MemManage_Handler
                0x0000000008000ad8        0x6 ./Core/Src/stm32f4xx_it.o
                0x0000000008000ad8                MemManage_Handler
 .text.BusFault_Handler
                0x0000000008000ade        0x6 ./Core/Src/stm32f4xx_it.o
                0x0000000008000ade                BusFault_Handler
 .text.UsageFault_Handler
                0x0000000008000ae4        0x6 ./Core/Src/stm32f4xx_it.o
                0x0000000008000ae4                UsageFault_Handler
 .text.SVC_Handler
                0x0000000008000aea        0xe ./Core/Src/stm32f4xx_it.o
                0x0000000008000aea                SVC_Handler
 .text.DebugMon_Handler
                0x0000000008000af8        0xe ./Core/Src/stm32f4xx_it.o
                0x0000000008000af8                DebugMon_Handler
 .text.PendSV_Handler
                0x0000000008000b06        0xe ./Core/Src/stm32f4xx_it.o
                0x0000000008000b06                PendSV_Handler
 .text.SysTick_Handler
                0x0000000008000b14        0xc ./Core/Src/stm32f4xx_it.o
                0x0000000008000b14                SysTick_Handler
 .text.SPI3_IRQHandler
                0x0000000008000b20       0x14 ./Core/Src/stm32f4xx_it.o
                0x0000000008000b20                SPI3_IRQHandler
 .text.SystemInit
                0x0000000008000b34       0x24 ./Core/Src/system_stm32f4xx.o
                0x0000000008000b34                SystemInit
 .text.Reset_Handler
                0x0000000008000b58       0x50 ./Core/Startup/startup_stm32f411retx.o
                0x0000000008000b58                Reset_Handler
 .text.Default_Handler
                0x0000000008000ba8        0x2 ./Core/Startup/startup_stm32f411retx.o
                0x0000000008000ba8                DMA1_Stream3_IRQHandler
                0x0000000008000ba8                EXTI2_IRQHandler
                0x0000000008000ba8                SPI4_IRQHandler
                0x0000000008000ba8                TIM1_CC_IRQHandler
                0x0000000008000ba8                DMA2_Stream5_IRQHandler
                0x0000000008000ba8                DMA1_Stream5_IRQHandler
                0x0000000008000ba8                PVD_IRQHandler
                0x0000000008000ba8                SDIO_IRQHandler
                0x0000000008000ba8                TAMP_STAMP_IRQHandler
                0x0000000008000ba8                EXTI3_IRQHandler
                0x0000000008000ba8                TIM1_UP_TIM10_IRQHandler
                0x0000000008000ba8                I2C3_ER_IRQHandler
                0x0000000008000ba8                EXTI0_IRQHandler
                0x0000000008000ba8                I2C2_EV_IRQHandler
                0x0000000008000ba8                DMA1_Stream2_IRQHandler
                0x0000000008000ba8                FPU_IRQHandler
                0x0000000008000ba8                DMA2_Stream2_IRQHandler
                0x0000000008000ba8                SPI1_IRQHandler
                0x0000000008000ba8                TIM1_BRK_TIM9_IRQHandler
                0x0000000008000ba8                DMA2_Stream3_IRQHandler
                0x0000000008000ba8                USART6_IRQHandler
                0x0000000008000ba8                DMA2_Stream0_IRQHandler
                0x0000000008000ba8                TIM4_IRQHandler
                0x0000000008000ba8                I2C1_EV_IRQHandler
                0x0000000008000ba8                DMA1_Stream6_IRQHandler
                0x0000000008000ba8                DMA1_Stream1_IRQHandler
                0x0000000008000ba8                TIM3_IRQHandler
                0x0000000008000ba8                RCC_IRQHandler
                0x0000000008000ba8                Default_Handler
                0x0000000008000ba8                EXTI15_10_IRQHandler
                0x0000000008000ba8                ADC_IRQHandler
                0x0000000008000ba8                DMA1_Stream7_IRQHandler
                0x0000000008000ba8                SPI5_IRQHandler
                0x0000000008000ba8                TIM5_IRQHandler
                0x0000000008000ba8                DMA2_Stream7_IRQHandler
                0x0000000008000ba8                I2C3_EV_IRQHandler
                0x0000000008000ba8                EXTI9_5_IRQHandler
                0x0000000008000ba8                RTC_WKUP_IRQHandler
                0x0000000008000ba8                SPI2_IRQHandler
                0x0000000008000ba8                DMA1_Stream0_IRQHandler
                0x0000000008000ba8                EXTI4_IRQHandler
                0x0000000008000ba8                WWDG_IRQHandler
                0x0000000008000ba8                TIM2_IRQHandler
                0x0000000008000ba8                OTG_FS_WKUP_IRQHandler
                0x0000000008000ba8                TIM1_TRG_COM_TIM11_IRQHandler
                0x0000000008000ba8                EXTI1_IRQHandler
                0x0000000008000ba8                USART2_IRQHandler
                0x0000000008000ba8                I2C2_ER_IRQHandler
                0x0000000008000ba8                DMA2_Stream1_IRQHandler
                0x0000000008000ba8                FLASH_IRQHandler
                0x0000000008000ba8                DMA2_Stream4_IRQHandler
                0x0000000008000ba8                USART1_IRQHandler
                0x0000000008000ba8                OTG_FS_IRQHandler
                0x0000000008000ba8                DMA1_Stream4_IRQHandler
                0x0000000008000ba8                I2C1_ER_IRQHandler
                0x0000000008000ba8                DMA2_Stream6_IRQHandler
                0x0000000008000ba8                RTC_Alarm_IRQHandler
 *fill*         0x0000000008000baa        0x2 
 .text.HAL_Init
                0x0000000008000bac       0x44 ./Drivers/STM32F4xx_HAL_Driver/Src/stm32f4xx_hal.o
                0x0000000008000bac                HAL_Init
 .text.HAL_InitTick
                0x0000000008000bf0       0x60 ./Drivers/STM32F4xx_HAL_Driver/Src/stm32f4xx_hal.o
                0x0000000008000bf0                HAL_InitTick
 .text.HAL_IncTick
                0x0000000008000c50       0x28 ./Drivers/STM32F4xx_HAL_Driver/Src/stm32f4xx_hal.o
                0x0000000008000c50                HAL_IncTick
 .text.HAL_GetTick
                0x0000000008000c78       0x18 ./Drivers/STM32F4xx_HAL_Driver/Src/stm32f4xx_hal.o
                0x0000000008000c78                HAL_GetTick
 .text.HAL_Delay
                0x0000000008000c90       0x48 ./Drivers/STM32F4xx_HAL_Driver/Src/stm32f4xx_hal.o
                0x0000000008000c90                HAL_Delay
 .text.__NVIC_SetPriorityGrouping
                0x0000000008000cd8       0x48 ./Drivers/STM32F4xx_HAL_Driver/Src/stm32f4xx_hal_cortex.o
 .text.__NVIC_GetPriorityGrouping
                0x0000000008000d20       0x1c ./Drivers/STM32F4xx_HAL_Driver/Src/stm32f4xx_hal_cortex.o
 .text.__NVIC_EnableIRQ
                0x0000000008000d3c       0x3c ./Drivers/STM32F4xx_HAL_Driver/Src/stm32f4xx_hal_cortex.o
 .text.__NVIC_SetPriority
                0x0000000008000d78       0x54 ./Drivers/STM32F4xx_HAL_Driver/Src/stm32f4xx_hal_cortex.o
 .text.NVIC_EncodePriority
                0x0000000008000dcc       0x66 ./Drivers/STM32F4xx_HAL_Driver/Src/stm32f4xx_hal_cortex.o
 *fill*         0x0000000008000e32        0x2 
 .text.SysTick_Config
                0x0000000008000e34       0x44 ./Drivers/STM32F4xx_HAL_Driver/Src/stm32f4xx_hal_cortex.o
 .text.HAL_NVIC_SetPriorityGrouping
                0x0000000008000e78       0x16 ./Drivers/STM32F4xx_HAL_Driver/Src/stm32f4xx_hal_cortex.o
                0x0000000008000e78                HAL_NVIC_SetPriorityGrouping
 .text.HAL_NVIC_SetPriority
                0x0000000008000e8e       0x38 ./Drivers/STM32F4xx_HAL_Driver/Src/stm32f4xx_hal_cortex.o
                0x0000000008000e8e                HAL_NVIC_SetPriority
 .text.HAL_NVIC_EnableIRQ
                0x0000000008000ec6       0x1c ./Drivers/STM32F4xx_HAL_Driver/Src/stm32f4xx_hal_cortex.o
                0x0000000008000ec6                HAL_NVIC_EnableIRQ
 .text.HAL_SYSTICK_Config
                0x0000000008000ee2       0x18 ./Drivers/STM32F4xx_HAL_Driver/Src/stm32f4xx_hal_cortex.o
                0x0000000008000ee2                HAL_SYSTICK_Config
 .text.HAL_DMA_Abort_IT
                0x0000000008000efa       0x44 ./Drivers/STM32F4xx_HAL_Driver/Src/stm32f4xx_hal_dma.o
                0x0000000008000efa                HAL_DMA_Abort_IT
 *fill*         0x0000000008000f3e        0x2 
 .text.HAL_GPIO_Init
                0x0000000008000f40      0x308 ./Drivers/STM32F4xx_HAL_Driver/Src/stm32f4xx_hal_gpio.o
                0x0000000008000f40                HAL_GPIO_Init
 .text.HAL_GPIO_ReadPin
                0x0000000008001248       0x30 ./Drivers/STM32F4xx_HAL_Driver/Src/stm32f4xx_hal_gpio.o
                0x0000000008001248                HAL_GPIO_ReadPin
 .text.HAL_GPIO_WritePin
                0x0000000008001278       0x32 ./Drivers/STM32F4xx_HAL_Driver/Src/stm32f4xx_hal_gpio.o
                0x0000000008001278                HAL_GPIO_WritePin
 .text.HAL_GPIO_TogglePin
                0x00000000080012aa       0x34 ./Drivers/STM32F4xx_HAL_Driver/Src/stm32f4xx_hal_gpio.o
                0x00000000080012aa                HAL_GPIO_TogglePin
 *fill*         0x00000000080012de        0x2 
 .text.HAL_RCC_OscConfig
                0x00000000080012e0      0x4f0 ./Drivers/STM32F4xx_HAL_Driver/Src/stm32f4xx_hal_rcc.o
                0x00000000080012e0                HAL_RCC_OscConfig
 .text.HAL_RCC_ClockConfig
                0x00000000080017d0      0x1cc ./Drivers/STM32F4xx_HAL_Driver/Src/stm32f4xx_hal_rcc.o
                0x00000000080017d0                HAL_RCC_ClockConfig
 .text.HAL_RCC_GetSysClockFreq
                0x000000000800199c      0x20c ./Drivers/STM32F4xx_HAL_Driver/Src/stm32f4xx_hal_rcc.o
                0x000000000800199c                HAL_RCC_GetSysClockFreq
 .text.HAL_RCC_GetHCLKFreq
                0x0000000008001ba8       0x18 ./Drivers/STM32F4xx_HAL_Driver/Src/stm32f4xx_hal_rcc.o
                0x0000000008001ba8                HAL_RCC_GetHCLKFreq
 .text.HAL_RCC_GetPCLK1Freq
                0x0000000008001bc0       0x28 ./Drivers/STM32F4xx_HAL_Driver/Src/stm32f4xx_hal_rcc.o
                0x0000000008001bc0                HAL_RCC_GetPCLK1Freq
 .text.HAL_RCC_GetPCLK2Freq
                0x0000000008001be8       0x28 ./Drivers/STM32F4xx_HAL_Driver/Src/stm32f4xx_hal_rcc.o
                0x0000000008001be8                HAL_RCC_GetPCLK2Freq
 .text.HAL_SPI_Init
                0x0000000008001c10      0x112 ./Drivers/STM32F4xx_HAL_Driver/Src/stm32f4xx_hal_spi.o
                0x0000000008001c10                HAL_SPI_Init
 .text.HAL_SPI_Transmit
                0x0000000008001d22      0x286 ./Drivers/STM32F4xx_HAL_Driver/Src/stm32f4xx_hal_spi.o
                0x0000000008001d22                HAL_SPI_Transmit
 .text.HAL_SPI_Receive_IT
                0x0000000008001fa8      0x138 ./Drivers/STM32F4xx_HAL_Driver/Src/stm32f4xx_hal_spi.o
                0x0000000008001fa8                HAL_SPI_Receive_IT
 .text.HAL_SPI_TransmitReceive_IT
                0x00000000080020e0      0x124 ./Drivers/STM32F4xx_HAL_Driver/Src/stm32f4xx_hal_spi.o
                0x00000000080020e0                HAL_SPI_TransmitReceive_IT
 .text.HAL_SPI_IRQHandler
                0x0000000008002204      0x1e8 ./Drivers/STM32F4xx_HAL_Driver/Src/stm32f4xx_hal_spi.o
                0x0000000008002204                HAL_SPI_IRQHandler
 .text.HAL_SPI_TxRxCpltCallback
                0x00000000080023ec       0x14 ./Drivers/STM32F4xx_HAL_Driver/Src/stm32f4xx_hal_spi.o
                0x00000000080023ec                HAL_SPI_TxRxCpltCallback
 .text.HAL_SPI_ErrorCallback
                0x0000000008002400       0x14 ./Drivers/STM32F4xx_HAL_Driver/Src/stm32f4xx_hal_spi.o
                0x0000000008002400                HAL_SPI_ErrorCallback
 .text.SPI_DMAAbortOnError
                0x0000000008002414       0x28 ./Drivers/STM32F4xx_HAL_Driver/Src/stm32f4xx_hal_spi.o
 .text.SPI_2linesRxISR_8BIT
                0x000000000800243c       0x64 ./Drivers/STM32F4xx_HAL_Driver/Src/stm32f4xx_hal_spi.o
 .text.SPI_2linesTxISR_8BIT
                0x00000000080024a0       0x60 ./Drivers/STM32F4xx_HAL_Driver/Src/stm32f4xx_hal_spi.o
 .text.SPI_2linesRxISR_16BIT
                0x0000000008002500       0x60 ./Drivers/STM32F4xx_HAL_Driver/Src/stm32f4xx_hal_spi.o
 .text.SPI_2linesTxISR_16BIT
                0x0000000008002560       0x5e ./Drivers/STM32F4xx_HAL_Driver/Src/stm32f4xx_hal_spi.o
 .text.SPI_RxISR_8BIT
                0x00000000080025be       0x4a ./Drivers/STM32F4xx_HAL_Driver/Src/stm32f4xx_hal_spi.o
 .text.SPI_RxISR_16BIT
                0x0000000008002608       0x46 ./Drivers/STM32F4xx_HAL_Driver/Src/stm32f4xx_hal_spi.o
 *fill*         0x000000000800264e        0x2 
 .text.SPI_WaitFlagStateUntilTimeout
                0x0000000008002650      0x110 ./Drivers/STM32F4xx_HAL_Driver/Src/stm32f4xx_hal_spi.o
 .text.SPI_EndRxTransaction
                0x0000000008002760       0xca ./Drivers/STM32F4xx_HAL_Driver/Src/stm32f4xx_hal_spi.o
 *fill*         0x000000000800282a        0x2 
 .text.SPI_EndRxTxTransaction
                0x000000000800282c       0xa8 ./Drivers/STM32F4xx_HAL_Driver/Src/stm32f4xx_hal_spi.o
 .text.SPI_CloseRxTx_ISR
                0x00000000080028d4       0xe8 ./Drivers/STM32F4xx_HAL_Driver/Src/stm32f4xx_hal_spi.o
 .text.SPI_CloseRx_ISR
                0x00000000080029bc       0x7e ./Drivers/STM32F4xx_HAL_Driver/Src/stm32f4xx_hal_spi.o
 .text.HAL_UART_Init
                0x0000000008002a3a       0xa0 ./Drivers/STM32F4xx_HAL_Driver/Src/stm32f4xx_hal_uart.o
                0x0000000008002a3a                HAL_UART_Init
 .text.HAL_UART_Transmit
                0x0000000008002ada      0x116 ./Drivers/STM32F4xx_HAL_Driver/Src/stm32f4xx_hal_uart.o
                0x0000000008002ada                HAL_UART_Transmit
 .text.UART_WaitOnFlagUntilTimeout
                0x0000000008002bf0       0xb2 ./Drivers/STM32F4xx_HAL_Driver/Src/stm32f4xx_hal_uart.o
 .text.UART_EndRxTransfer
                0x0000000008002ca2       0xc6 ./Drivers/STM32F4xx_HAL_Driver/Src/stm32f4xx_hal_uart.o
 .text.UART_SetConfig
                0x0000000008002d68      0x4e8 ./Drivers/STM32F4xx_HAL_Driver/Src/stm32f4xx_hal_uart.o
 .text.memset   0x0000000008003250       0x10 /Applications/STM32CubeIDE.app/Contents/Eclipse/plugins/com.st.stm32cube.ide.mcu.externaltools.gnu-tools-for-stm32.11.3.rel1.macos64_1.1.100.202310310803/tools/bin/../lib/gcc/arm-none-eabi/11.3.1/../../../../arm-none-eabi/lib/thumb/v7e-m+fp/hard/libc_nano.a(libc_a-memset.o)
                0x0000000008003250                memset
 .text.__libc_init_array
                0x0000000008003260       0x48 /Applications/STM32CubeIDE.app/Contents/Eclipse/plugins/com.st.stm32cube.ide.mcu.externaltools.gnu-tools-for-stm32.11.3.rel1.macos64_1.1.100.202310310803/tools/bin/../lib/gcc/arm-none-eabi/11.3.1/../../../../arm-none-eabi/lib/thumb/v7e-m+fp/hard/libc_nano.a(libc_a-init.o)
                0x0000000008003260                __libc_init_array
 *(.glue_7)
 .glue_7        0x00000000080032a8        0x0 linker stubs
 *(.glue_7t)
 .glue_7t       0x00000000080032a8        0x0 linker stubs
 *(.eh_frame)
 .eh_frame      0x00000000080032a8        0x0 /Applications/STM32CubeIDE.app/Contents/Eclipse/plugins/com.st.stm32cube.ide.mcu.externaltools.gnu-tools-for-stm32.11.3.rel1.macos64_1.1.100.202310310803/tools/bin/../lib/gcc/arm-none-eabi/11.3.1/thumb/v7e-m+fp/hard/crtbegin.o
 *(.init)
 .init          0x00000000080032a8        0x4 /Applications/STM32CubeIDE.app/Contents/Eclipse/plugins/com.st.stm32cube.ide.mcu.externaltools.gnu-tools-for-stm32.11.3.rel1.macos64_1.1.100.202310310803/tools/bin/../lib/gcc/arm-none-eabi/11.3.1/thumb/v7e-m+fp/hard/crti.o
                0x00000000080032a8                _init
 .init          0x00000000080032ac        0x8 /Applications/STM32CubeIDE.app/Contents/Eclipse/plugins/com.st.stm32cube.ide.mcu.externaltools.gnu-tools-for-stm32.11.3.rel1.macos64_1.1.100.202310310803/tools/bin/../lib/gcc/arm-none-eabi/11.3.1/thumb/v7e-m+fp/hard/crtn.o
 *(.fini)
 .fini          0x00000000080032b4        0x4 /Applications/STM32CubeIDE.app/Contents/Eclipse/plugins/com.st.stm32cube.ide.mcu.externaltools.gnu-tools-for-stm32.11.3.rel1.macos64_1.1.100.202310310803/tools/bin/../lib/gcc/arm-none-eabi/11.3.1/thumb/v7e-m+fp/hard/crti.o
                0x00000000080032b4                _fini
 .fini          0x00000000080032b8        0x8 /Applications/STM32CubeIDE.app/Contents/Eclipse/plugins/com.st.stm32cube.ide.mcu.externaltools.gnu-tools-for-stm32.11.3.rel1.macos64_1.1.100.202310310803/tools/bin/../lib/gcc/arm-none-eabi/11.3.1/thumb/v7e-m+fp/hard/crtn.o
                0x00000000080032c0                . = ALIGN (0x4)
                0x00000000080032c0                _etext = .

.vfp11_veneer   0x00000000080032c0        0x0
 .vfp11_veneer  0x00000000080032c0        0x0 linker stubs

.v4_bx          0x00000000080032c0        0x0
 .v4_bx         0x00000000080032c0        0x0 linker stubs

.iplt           0x00000000080032c0        0x0
 .iplt          0x00000000080032c0        0x0 /Applications/STM32CubeIDE.app/Contents/Eclipse/plugins/com.st.stm32cube.ide.mcu.externaltools.gnu-tools-for-stm32.11.3.rel1.macos64_1.1.100.202310310803/tools/bin/../lib/gcc/arm-none-eabi/11.3.1/thumb/v7e-m+fp/hard/crtbegin.o

.rodata         0x00000000080032c0       0x20
                0x00000000080032c0                . = ALIGN (0x4)
 *(.rodata)
 .rodata        0x00000000080032c0        0x6 ./Core/Src/main.o
 *(.rodata*)
 *fill*         0x00000000080032c6        0x2 
 .rodata.AHBPrescTable
                0x00000000080032c8       0x10 ./Core/Src/system_stm32f4xx.o
                0x00000000080032c8                AHBPrescTable
 .rodata.APBPrescTable
                0x00000000080032d8        0x8 ./Core/Src/system_stm32f4xx.o
                0x00000000080032d8                APBPrescTable
                0x00000000080032e0                . = ALIGN (0x4)

.ARM.extab      0x00000000080032e0        0x0
                0x00000000080032e0                . = ALIGN (0x4)
 *(.ARM.extab* .gnu.linkonce.armextab.*)
                0x00000000080032e0                . = ALIGN (0x4)

.ARM            0x00000000080032e0        0x8
                0x00000000080032e0                . = ALIGN (0x4)
                0x00000000080032e0                __exidx_start = .
 *(.ARM.exidx*)
 .ARM.exidx     0x00000000080032e0        0x8 /Applications/STM32CubeIDE.app/Contents/Eclipse/plugins/com.st.stm32cube.ide.mcu.externaltools.gnu-tools-for-stm32.11.3.rel1.macos64_1.1.100.202310310803/tools/bin/../lib/gcc/arm-none-eabi/11.3.1/thumb/v7e-m+fp/hard/libgcc.a(_udivmoddi4.o)
                0x00000000080032e8                __exidx_end = .
                0x00000000080032e8                . = ALIGN (0x4)

.rel.dyn        0x00000000080032e8        0x0
 .rel.iplt      0x00000000080032e8        0x0 /Applications/STM32CubeIDE.app/Contents/Eclipse/plugins/com.st.stm32cube.ide.mcu.externaltools.gnu-tools-for-stm32.11.3.rel1.macos64_1.1.100.202310310803/tools/bin/../lib/gcc/arm-none-eabi/11.3.1/thumb/v7e-m+fp/hard/crtbegin.o

.preinit_array  0x00000000080032e8        0x0
                0x00000000080032e8                . = ALIGN (0x4)
                0x00000000080032e8                PROVIDE (__preinit_array_start = .)
 *(.preinit_array*)
                0x00000000080032e8                PROVIDE (__preinit_array_end = .)
                0x00000000080032e8                . = ALIGN (0x4)

.init_array     0x00000000080032e8        0x4
                0x00000000080032e8                . = ALIGN (0x4)
                0x00000000080032e8                PROVIDE (__init_array_start = .)
 *(SORT_BY_NAME(.init_array.*))
 *(.init_array*)
 .init_array    0x00000000080032e8        0x4 /Applications/STM32CubeIDE.app/Contents/Eclipse/plugins/com.st.stm32cube.ide.mcu.externaltools.gnu-tools-for-stm32.11.3.rel1.macos64_1.1.100.202310310803/tools/bin/../lib/gcc/arm-none-eabi/11.3.1/thumb/v7e-m+fp/hard/crtbegin.o
                0x00000000080032ec                PROVIDE (__init_array_end = .)
                0x00000000080032ec                . = ALIGN (0x4)

.fini_array     0x00000000080032ec        0x4
                0x00000000080032ec                . = ALIGN (0x4)
                [!provide]                        PROVIDE (__fini_array_start = .)
 *(SORT_BY_NAME(.fini_array.*))
 *(.fini_array*)
 .fini_array    0x00000000080032ec        0x4 /Applications/STM32CubeIDE.app/Contents/Eclipse/plugins/com.st.stm32cube.ide.mcu.externaltools.gnu-tools-for-stm32.11.3.rel1.macos64_1.1.100.202310310803/tools/bin/../lib/gcc/arm-none-eabi/11.3.1/thumb/v7e-m+fp/hard/crtbegin.o
                [!provide]                        PROVIDE (__fini_array_end = .)
                0x00000000080032f0                . = ALIGN (0x4)
                0x00000000080032f0                _sidata = LOADADDR (.data)

.data           0x0000000020000000        0xc load address 0x00000000080032f0
                0x0000000020000000                . = ALIGN (0x4)
                0x0000000020000000                _sdata = .
 *(.data)
 *(.data*)
 .data.SystemCoreClock
                0x0000000020000000        0x4 ./Core/Src/system_stm32f4xx.o
                0x0000000020000000                SystemCoreClock
 .data.uwTickPrio
                0x0000000020000004        0x4 ./Drivers/STM32F4xx_HAL_Driver/Src/stm32f4xx_hal.o
                0x0000000020000004                uwTickPrio
 .data.uwTickFreq
                0x0000000020000008        0x1 ./Drivers/STM32F4xx_HAL_Driver/Src/stm32f4xx_hal.o
                0x0000000020000008                uwTickFreq
 *(.RamFunc)
 *(.RamFunc*)
                0x000000002000000c                . = ALIGN (0x4)
 *fill*         0x0000000020000009        0x3 
                0x000000002000000c                _edata = .

.igot.plt       0x000000002000000c        0x0 load address 0x00000000080032fc
 .igot.plt      0x000000002000000c        0x0 /Applications/STM32CubeIDE.app/Contents/Eclipse/plugins/com.st.stm32cube.ide.mcu.externaltools.gnu-tools-for-stm32.11.3.rel1.macos64_1.1.100.202310310803/tools/bin/../lib/gcc/arm-none-eabi/11.3.1/thumb/v7e-m+fp/hard/crtbegin.o
                0x000000002000000c                . = ALIGN (0x4)

.bss            0x000000002000000c      0x118 load address 0x00000000080032fc
                0x000000002000000c                _sbss = .
                0x000000002000000c                __bss_start__ = _sbss
 *(.bss)
 .bss           0x000000002000000c       0x1c /Applications/STM32CubeIDE.app/Contents/Eclipse/plugins/com.st.stm32cube.ide.mcu.externaltools.gnu-tools-for-stm32.11.3.rel1.macos64_1.1.100.202310310803/tools/bin/../lib/gcc/arm-none-eabi/11.3.1/thumb/v7e-m+fp/hard/crtbegin.o
 *(.bss*)
 .bss.hspi2     0x0000000020000028       0x58 ./Core/Src/main.o
                0x0000000020000028                hspi2
 .bss.hspi3     0x0000000020000080       0x58 ./Core/Src/main.o
                0x0000000020000080                hspi3
 .bss.huart2    0x00000000200000d8       0x48 ./Core/Src/main.o
                0x00000000200000d8                huart2
 .bss.uwTick    0x0000000020000120        0x4 ./Drivers/STM32F4xx_HAL_Driver/Src/stm32f4xx_hal.o
                0x0000000020000120                uwTick
 *(COMMON)
                0x0000000020000124                . = ALIGN (0x4)
                0x0000000020000124                _ebss = .
                0x0000000020000124                __bss_end__ = _ebss

._user_heap_stack
                0x0000000020000124      0x604 load address 0x00000000080032fc
                0x0000000020000128                . = ALIGN (0x8)
 *fill*         0x0000000020000124        0x4 
                [!provide]                        PROVIDE (end = .)
                0x0000000020000128                PROVIDE (_end = .)
                0x0000000020000328                . = (. + _Min_Heap_Size)
 *fill*         0x0000000020000128      0x200 
                0x0000000020000728                . = (. + _Min_Stack_Size)
 *fill*         0x0000000020000328      0x400 
                0x0000000020000728                . = ALIGN (0x8)

/DISCARD/
 libc.a(*)
 libm.a(*)
 libgcc.a(*)

.ARM.attributes
                0x0000000000000000       0x30
 *(.ARM.attributes)
 .ARM.attributes
                0x0000000000000000       0x1e /Applications/STM32CubeIDE.app/Contents/Eclipse/plugins/com.st.stm32cube.ide.mcu.externaltools.gnu-tools-for-stm32.11.3.rel1.macos64_1.1.100.202310310803/tools/bin/../lib/gcc/arm-none-eabi/11.3.1/thumb/v7e-m+fp/hard/crti.o
 .ARM.attributes
                0x000000000000001e       0x34 /Applications/STM32CubeIDE.app/Contents/Eclipse/plugins/com.st.stm32cube.ide.mcu.externaltools.gnu-tools-for-stm32.11.3.rel1.macos64_1.1.100.202310310803/tools/bin/../lib/gcc/arm-none-eabi/11.3.1/thumb/v7e-m+fp/hard/crtbegin.o
 .ARM.attributes
                0x0000000000000052       0x34 ./Core/Src/main.o
 .ARM.attributes
                0x0000000000000086       0x34 ./Core/Src/stm32f4xx_hal_msp.o
 .ARM.attributes
                0x00000000000000ba       0x34 ./Core/Src/stm32f4xx_it.o
 .ARM.attributes
                0x00000000000000ee       0x34 ./Core/Src/system_stm32f4xx.o
 .ARM.attributes
                0x0000000000000122       0x21 ./Core/Startup/startup_stm32f411retx.o
 .ARM.attributes
                0x0000000000000143       0x34 ./Drivers/STM32F4xx_HAL_Driver/Src/stm32f4xx_hal.o
 .ARM.attributes
                0x0000000000000177       0x34 ./Drivers/STM32F4xx_HAL_Driver/Src/stm32f4xx_hal_cortex.o
 .ARM.attributes
                0x00000000000001ab       0x34 ./Drivers/STM32F4xx_HAL_Driver/Src/stm32f4xx_hal_dma.o
 .ARM.attributes
                0x00000000000001df       0x34 ./Drivers/STM32F4xx_HAL_Driver/Src/stm32f4xx_hal_gpio.o
 .ARM.attributes
                0x0000000000000213       0x34 ./Drivers/STM32F4xx_HAL_Driver/Src/stm32f4xx_hal_rcc.o
 .ARM.attributes
                0x0000000000000247       0x34 ./Drivers/STM32F4xx_HAL_Driver/Src/stm32f4xx_hal_spi.o
 .ARM.attributes
                0x000000000000027b       0x34 ./Drivers/STM32F4xx_HAL_Driver/Src/stm32f4xx_hal_uart.o
 .ARM.attributes
                0x00000000000002af       0x34 /Applications/STM32CubeIDE.app/Contents/Eclipse/plugins/com.st.stm32cube.ide.mcu.externaltools.gnu-tools-for-stm32.11.3.rel1.macos64_1.1.100.202310310803/tools/bin/../lib/gcc/arm-none-eabi/11.3.1/../../../../arm-none-eabi/lib/thumb/v7e-m+fp/hard/libc_nano.a(libc_a-memset.o)
 .ARM.attributes
                0x00000000000002e3       0x34 /Applications/STM32CubeIDE.app/Contents/Eclipse/plugins/com.st.stm32cube.ide.mcu.externaltools.gnu-tools-for-stm32.11.3.rel1.macos64_1.1.100.202310310803/tools/bin/../lib/gcc/arm-none-eabi/11.3.1/../../../../arm-none-eabi/lib/thumb/v7e-m+fp/hard/libc_nano.a(libc_a-init.o)
 .ARM.attributes
                0x0000000000000317       0x1e /Applications/STM32CubeIDE.app/Contents/Eclipse/plugins/com.st.stm32cube.ide.mcu.externaltools.gnu-tools-for-stm32.11.3.rel1.macos64_1.1.100.202310310803/tools/bin/../lib/gcc/arm-none-eabi/11.3.1/thumb/v7e-m+fp/hard/libgcc.a(_aeabi_uldivmod.o)
 .ARM.attributes
                0x0000000000000335       0x34 /Applications/STM32CubeIDE.app/Contents/Eclipse/plugins/com.st.stm32cube.ide.mcu.externaltools.gnu-tools-for-stm32.11.3.rel1.macos64_1.1.100.202310310803/tools/bin/../lib/gcc/arm-none-eabi/11.3.1/thumb/v7e-m+fp/hard/libgcc.a(_udivmoddi4.o)
 .ARM.attributes
                0x0000000000000369       0x1e /Applications/STM32CubeIDE.app/Contents/Eclipse/plugins/com.st.stm32cube.ide.mcu.externaltools.gnu-tools-for-stm32.11.3.rel1.macos64_1.1.100.202310310803/tools/bin/../lib/gcc/arm-none-eabi/11.3.1/thumb/v7e-m+fp/hard/libgcc.a(_dvmd_tls.o)
 .ARM.attributes
                0x0000000000000387       0x1e /Applications/STM32CubeIDE.app/Contents/Eclipse/plugins/com.st.stm32cube.ide.mcu.externaltools.gnu-tools-for-stm32.11.3.rel1.macos64_1.1.100.202310310803/tools/bin/../lib/gcc/arm-none-eabi/11.3.1/thumb/v7e-m+fp/hard/crtn.o
OUTPUT(Lab5.2_new.elf elf32-littlearm)
LOAD linker stubs
LOAD /Applications/STM32CubeIDE.app/Contents/Eclipse/plugins/com.st.stm32cube.ide.mcu.externaltools.gnu-tools-for-stm32.11.3.rel1.macos64_1.1.100.202310310803/tools/bin/../lib/gcc/arm-none-eabi/11.3.1/../../../../arm-none-eabi/lib/thumb/v7e-m+fp/hard/libc.a
LOAD /Applications/STM32CubeIDE.app/Contents/Eclipse/plugins/com.st.stm32cube.ide.mcu.externaltools.gnu-tools-for-stm32.11.3.rel1.macos64_1.1.100.202310310803/tools/bin/../lib/gcc/arm-none-eabi/11.3.1/../../../../arm-none-eabi/lib/thumb/v7e-m+fp/hard/libm.a
LOAD /Applications/STM32CubeIDE.app/Contents/Eclipse/plugins/com.st.stm32cube.ide.mcu.externaltools.gnu-tools-for-stm32.11.3.rel1.macos64_1.1.100.202310310803/tools/bin/../lib/gcc/arm-none-eabi/11.3.1/thumb/v7e-m+fp/hard/libgcc.a

.comment        0x0000000000000000       0x43
 .comment       0x0000000000000000       0x43 /Applications/STM32CubeIDE.app/Contents/Eclipse/plugins/com.st.stm32cube.ide.mcu.externaltools.gnu-tools-for-stm32.11.3.rel1.macos64_1.1.100.202310310803/tools/bin/../lib/gcc/arm-none-eabi/11.3.1/thumb/v7e-m+fp/hard/crtbegin.o
                                         0x44 (size before relaxing)
 .comment       0x0000000000000043       0x44 ./Core/Src/main.o
 .comment       0x0000000000000043       0x44 ./Core/Src/stm32f4xx_hal_msp.o
 .comment       0x0000000000000043       0x44 ./Core/Src/stm32f4xx_it.o
 .comment       0x0000000000000043       0x44 ./Core/Src/system_stm32f4xx.o
 .comment       0x0000000000000043       0x44 ./Drivers/STM32F4xx_HAL_Driver/Src/stm32f4xx_hal.o
 .comment       0x0000000000000043       0x44 ./Drivers/STM32F4xx_HAL_Driver/Src/stm32f4xx_hal_cortex.o
 .comment       0x0000000000000043       0x44 ./Drivers/STM32F4xx_HAL_Driver/Src/stm32f4xx_hal_dma.o
 .comment       0x0000000000000043       0x44 ./Drivers/STM32F4xx_HAL_Driver/Src/stm32f4xx_hal_gpio.o
 .comment       0x0000000000000043       0x44 ./Drivers/STM32F4xx_HAL_Driver/Src/stm32f4xx_hal_rcc.o
 .comment       0x0000000000000043       0x44 ./Drivers/STM32F4xx_HAL_Driver/Src/stm32f4xx_hal_spi.o
 .comment       0x0000000000000043       0x44 ./Drivers/STM32F4xx_HAL_Driver/Src/stm32f4xx_hal_uart.o

.debug_info     0x0000000000000000     0x9d66
 .debug_info    0x0000000000000000      0xf6f ./Core/Src/main.o
 .debug_info    0x0000000000000f6f      0xe72 ./Core/Src/stm32f4xx_hal_msp.o
 .debug_info    0x0000000000001de1      0x66c ./Core/Src/stm32f4xx_it.o
 .debug_info    0x000000000000244d      0x53e ./Core/Src/system_stm32f4xx.o
 .debug_info    0x000000000000298b       0x23 ./Core/Startup/startup_stm32f411retx.o
 .debug_info    0x00000000000029ae      0x8c4 ./Drivers/STM32F4xx_HAL_Driver/Src/stm32f4xx_hal.o
 .debug_info    0x0000000000003272      0xcc7 ./Drivers/STM32F4xx_HAL_Driver/Src/stm32f4xx_hal_cortex.o
 .debug_info    0x0000000000003f39      0x8e6 ./Drivers/STM32F4xx_HAL_Driver/Src/stm32f4xx_hal_dma.o
 .debug_info    0x000000000000481f      0x6f9 ./Drivers/STM32F4xx_HAL_Driver/Src/stm32f4xx_hal_gpio.o
 .debug_info    0x0000000000004f18      0x8f2 ./Drivers/STM32F4xx_HAL_Driver/Src/stm32f4xx_hal_rcc.o
 .debug_info    0x000000000000580a     0x1606 ./Drivers/STM32F4xx_HAL_Driver/Src/stm32f4xx_hal_spi.o
 .debug_info    0x0000000000006e10     0x2f56 ./Drivers/STM32F4xx_HAL_Driver/Src/stm32f4xx_hal_uart.o

.debug_abbrev   0x0000000000000000     0x18ec
 .debug_abbrev  0x0000000000000000      0x297 ./Core/Src/main.o
 .debug_abbrev  0x0000000000000297      0x1f7 ./Core/Src/stm32f4xx_hal_msp.o
 .debug_abbrev  0x000000000000048e      0x17b ./Core/Src/stm32f4xx_it.o
 .debug_abbrev  0x0000000000000609      0x11a ./Core/Src/system_stm32f4xx.o
 .debug_abbrev  0x0000000000000723       0x12 ./Core/Startup/startup_stm32f411retx.o
 .debug_abbrev  0x0000000000000735      0x24b ./Drivers/STM32F4xx_HAL_Driver/Src/stm32f4xx_hal.o
 .debug_abbrev  0x0000000000000980      0x328 ./Drivers/STM32F4xx_HAL_Driver/Src/stm32f4xx_hal_cortex.o
 .debug_abbrev  0x0000000000000ca8      0x221 ./Drivers/STM32F4xx_HAL_Driver/Src/stm32f4xx_hal_dma.o
 .debug_abbrev  0x0000000000000ec9      0x1d3 ./Drivers/STM32F4xx_HAL_Driver/Src/stm32f4xx_hal_gpio.o
 .debug_abbrev  0x000000000000109c      0x2b5 ./Drivers/STM32F4xx_HAL_Driver/Src/stm32f4xx_hal_rcc.o
 .debug_abbrev  0x0000000000001351      0x280 ./Drivers/STM32F4xx_HAL_Driver/Src/stm32f4xx_hal_spi.o
 .debug_abbrev  0x00000000000015d1      0x31b ./Drivers/STM32F4xx_HAL_Driver/Src/stm32f4xx_hal_uart.o

.debug_aranges  0x0000000000000000      0x8a8
 .debug_aranges
                0x0000000000000000       0x58 ./Core/Src/main.o
 .debug_aranges
                0x0000000000000058       0x40 ./Core/Src/stm32f4xx_hal_msp.o
 .debug_aranges
                0x0000000000000098       0x68 ./Core/Src/stm32f4xx_it.o
 .debug_aranges
                0x0000000000000100       0x28 ./Core/Src/system_stm32f4xx.o
 .debug_aranges
                0x0000000000000128       0x28 ./Core/Startup/startup_stm32f411retx.o
 .debug_aranges
                0x0000000000000150       0xf0 ./Drivers/STM32F4xx_HAL_Driver/Src/stm32f4xx_hal.o
 .debug_aranges
                0x0000000000000240      0x120 ./Drivers/STM32F4xx_HAL_Driver/Src/stm32f4xx_hal_cortex.o
 .debug_aranges
                0x0000000000000360       0x90 ./Drivers/STM32F4xx_HAL_Driver/Src/stm32f4xx_hal_dma.o
 .debug_aranges
                0x00000000000003f0       0x58 ./Drivers/STM32F4xx_HAL_Driver/Src/stm32f4xx_hal_gpio.o
 .debug_aranges
                0x0000000000000448       0x88 ./Drivers/STM32F4xx_HAL_Driver/Src/stm32f4xx_hal_rcc.o
 .debug_aranges
                0x00000000000004d0      0x1d0 ./Drivers/STM32F4xx_HAL_Driver/Src/stm32f4xx_hal_spi.o
 .debug_aranges
                0x00000000000006a0      0x208 ./Drivers/STM32F4xx_HAL_Driver/Src/stm32f4xx_hal_uart.o

.debug_rnglists
                0x0000000000000000      0x6ac
 .debug_rnglists
                0x0000000000000000       0x3f ./Core/Src/main.o
 .debug_rnglists
                0x000000000000003f       0x2e ./Core/Src/stm32f4xx_hal_msp.o
 .debug_rnglists
                0x000000000000006d       0x49 ./Core/Src/stm32f4xx_it.o
 .debug_rnglists
                0x00000000000000b6       0x1a ./Core/Src/system_stm32f4xx.o
 .debug_rnglists
                0x00000000000000d0       0x19 ./Core/Startup/startup_stm32f411retx.o
 .debug_rnglists
                0x00000000000000e9       0xaf ./Drivers/STM32F4xx_HAL_Driver/Src/stm32f4xx_hal.o
 .debug_rnglists
                0x0000000000000198       0xd4 ./Drivers/STM32F4xx_HAL_Driver/Src/stm32f4xx_hal_cortex.o
 .debug_rnglists
                0x000000000000026c       0x70 ./Drivers/STM32F4xx_HAL_Driver/Src/stm32f4xx_hal_dma.o
 .debug_rnglists
                0x00000000000002dc       0x3f ./Drivers/STM32F4xx_HAL_Driver/Src/stm32f4xx_hal_gpio.o
 .debug_rnglists
                0x000000000000031b       0x66 ./Drivers/STM32F4xx_HAL_Driver/Src/stm32f4xx_hal_rcc.o
 .debug_rnglists
                0x0000000000000381      0x16f ./Drivers/STM32F4xx_HAL_Driver/Src/stm32f4xx_hal_spi.o
 .debug_rnglists
                0x00000000000004f0      0x1bc ./Drivers/STM32F4xx_HAL_Driver/Src/stm32f4xx_hal_uart.o

.debug_macro    0x0000000000000000    0x14e89
 .debug_macro   0x0000000000000000      0x1d3 ./Core/Src/main.o
 .debug_macro   0x00000000000001d3      0xaa8 ./Core/Src/main.o
 .debug_macro   0x0000000000000c7b      0x29b ./Core/Src/main.o
 .debug_macro   0x0000000000000f16       0x2e ./Core/Src/main.o
 .debug_macro   0x0000000000000f44       0x28 ./Core/Src/main.o
 .debug_macro   0x0000000000000f6c       0x22 ./Core/Src/main.o
 .debug_macro   0x0000000000000f8e       0x8e ./Core/Src/main.o
 .debug_macro   0x000000000000101c       0x51 ./Core/Src/main.o
 .debug_macro   0x000000000000106d      0x103 ./Core/Src/main.o
 .debug_macro   0x0000000000001170       0x6a ./Core/Src/main.o
 .debug_macro   0x00000000000011da      0x1df ./Core/Src/main.o
 .debug_macro   0x00000000000013b9       0x1c ./Core/Src/main.o
 .debug_macro   0x00000000000013d5       0x22 ./Core/Src/main.o
 .debug_macro   0x00000000000013f7       0xfb ./Core/Src/main.o
 .debug_macro   0x00000000000014f2     0x1011 ./Core/Src/main.o
 .debug_macro   0x0000000000002503      0x11f ./Core/Src/main.o
 .debug_macro   0x0000000000002622     0xb953 ./Core/Src/main.o
 .debug_macro   0x000000000000df75       0x6d ./Core/Src/main.o
 .debug_macro   0x000000000000dfe2     0x368c ./Core/Src/main.o
 .debug_macro   0x000000000001166e      0x174 ./Core/Src/main.o
 .debug_macro   0x00000000000117e2       0x5c ./Core/Src/main.o
 .debug_macro   0x000000000001183e      0x45c ./Core/Src/main.o
 .debug_macro   0x0000000000011c9a      0x9e9 ./Core/Src/main.o
 .debug_macro   0x0000000000012683      0x115 ./Core/Src/main.o
 .debug_macro   0x0000000000012798      0x11b ./Core/Src/main.o
 .debug_macro   0x00000000000128b3       0xa5 ./Core/Src/main.o
 .debug_macro   0x0000000000012958      0x15f ./Core/Src/main.o
 .debug_macro   0x0000000000012ab7      0x287 ./Core/Src/main.o
 .debug_macro   0x0000000000012d3e       0x5f ./Core/Src/main.o
 .debug_macro   0x0000000000012d9d      0x236 ./Core/Src/main.o
 .debug_macro   0x0000000000012fd3      0x132 ./Core/Src/main.o
 .debug_macro   0x0000000000013105      0x264 ./Core/Src/main.o
 .debug_macro   0x0000000000013369       0x2e ./Core/Src/main.o
 .debug_macro   0x0000000000013397      0x127 ./Core/Src/main.o
 .debug_macro   0x00000000000134be       0x85 ./Core/Src/main.o
 .debug_macro   0x0000000000013543       0x89 ./Core/Src/main.o
 .debug_macro   0x00000000000135cc      0x225 ./Core/Src/main.o
 .debug_macro   0x00000000000137f1      0x2aa ./Core/Src/main.o
 .debug_macro   0x0000000000013a9b      0x126 ./Core/Src/main.o
 .debug_macro   0x0000000000013bc1       0x58 ./Core/Src/main.o
 .debug_macro   0x0000000000013c19      0x1d3 ./Core/Src/stm32f4xx_hal_msp.o
 .debug_macro   0x0000000000013dec      0x1dd ./Core/Src/stm32f4xx_it.o
 .debug_macro   0x0000000000013fc9      0x1c4 ./Core/Src/system_stm32f4xx.o
 .debug_macro   0x000000000001418d      0x224 ./Drivers/STM32F4xx_HAL_Driver/Src/stm32f4xx_hal.o
 .debug_macro   0x00000000000143b1      0x1c4 ./Drivers/STM32F4xx_HAL_Driver/Src/stm32f4xx_hal_cortex.o
 .debug_macro   0x0000000000014575      0x1ca ./Drivers/STM32F4xx_HAL_Driver/Src/stm32f4xx_hal_dma.o
 .debug_macro   0x000000000001473f      0x1ca ./Drivers/STM32F4xx_HAL_Driver/Src/stm32f4xx_hal_gpio.o
 .debug_macro   0x0000000000014909      0x1e8 ./Drivers/STM32F4xx_HAL_Driver/Src/stm32f4xx_hal_rcc.o
 .debug_macro   0x0000000000014af1      0x1d3 ./Drivers/STM32F4xx_HAL_Driver/Src/stm32f4xx_hal_spi.o
 .debug_macro   0x0000000000014cc4      0x1c5 ./Drivers/STM32F4xx_HAL_Driver/Src/stm32f4xx_hal_uart.o

.debug_line     0x0000000000000000     0xa1db
 .debug_line    0x0000000000000000      0x868 ./Core/Src/main.o
 .debug_line    0x0000000000000868      0x7be ./Core/Src/stm32f4xx_hal_msp.o
 .debug_line    0x0000000000001026      0x7a4 ./Core/Src/stm32f4xx_it.o
 .debug_line    0x00000000000017ca      0x74b ./Core/Src/system_stm32f4xx.o
 .debug_line    0x0000000000001f15       0x7a ./Core/Startup/startup_stm32f411retx.o
 .debug_line    0x0000000000001f8f      0x9b1 ./Drivers/STM32F4xx_HAL_Driver/Src/stm32f4xx_hal.o
 .debug_line    0x0000000000002940      0xc7d ./Drivers/STM32F4xx_HAL_Driver/Src/stm32f4xx_hal_cortex.o
 .debug_line    0x00000000000035bd      0xf15 ./Drivers/STM32F4xx_HAL_Driver/Src/stm32f4xx_hal_dma.o
 .debug_line    0x00000000000044d2      0xae9 ./Drivers/STM32F4xx_HAL_Driver/Src/stm32f4xx_hal_gpio.o
 .debug_line    0x0000000000004fbb      0xd2a ./Drivers/STM32F4xx_HAL_Driver/Src/stm32f4xx_hal_rcc.o
 .debug_line    0x0000000000005ce5     0x1c88 ./Drivers/STM32F4xx_HAL_Driver/Src/stm32f4xx_hal_spi.o
 .debug_line    0x000000000000796d     0x286e ./Drivers/STM32F4xx_HAL_Driver/Src/stm32f4xx_hal_uart.o

.debug_str      0x0000000000000000    0x83be6
 .debug_str     0x0000000000000000    0x81aef ./Core/Src/main.o
                                      0x81ddf (size before relaxing)
 .debug_str     0x0000000000081aef      0x477 ./Core/Src/stm32f4xx_hal_msp.o
                                      0x81f78 (size before relaxing)
 .debug_str     0x0000000000081f66       0xec ./Core/Src/stm32f4xx_it.o
                                      0x818ae (size before relaxing)
 .debug_str     0x0000000000082052       0xdb ./Core/Src/system_stm32f4xx.o
                                      0x81439 (size before relaxing)
 .debug_str     0x000000000008212d       0x34 ./Core/Startup/startup_stm32f411retx.o
                                         0x79 (size before relaxing)
 .debug_str     0x0000000000082161      0x5e6 ./Drivers/STM32F4xx_HAL_Driver/Src/stm32f4xx_hal.o
                                      0x81e65 (size before relaxing)
 .debug_str     0x0000000000082747      0x33a ./Drivers/STM32F4xx_HAL_Driver/Src/stm32f4xx_hal_cortex.o
                                      0x81b9d (size before relaxing)
 .debug_str     0x0000000000082a81      0x31a ./Drivers/STM32F4xx_HAL_Driver/Src/stm32f4xx_hal_dma.o
                                      0x81841 (size before relaxing)
 .debug_str     0x0000000000082d9b       0xfd ./Drivers/STM32F4xx_HAL_Driver/Src/stm32f4xx_hal_gpio.o
                                      0x815b4 (size before relaxing)
 .debug_str     0x0000000000082e98      0x233 ./Drivers/STM32F4xx_HAL_Driver/Src/stm32f4xx_hal_rcc.o
                                      0x8186d (size before relaxing)
 .debug_str     0x00000000000830cb      0x51f ./Drivers/STM32F4xx_HAL_Driver/Src/stm32f4xx_hal_spi.o
                                      0x81ceb (size before relaxing)
 .debug_str     0x00000000000835ea      0x5fc ./Drivers/STM32F4xx_HAL_Driver/Src/stm32f4xx_hal_uart.o
                                      0x81e3c (size before relaxing)

.debug_frame    0x0000000000000000     0x2328
 .debug_frame   0x0000000000000000      0x108 ./Core/Src/main.o
 .debug_frame   0x0000000000000108       0xc4 ./Core/Src/stm32f4xx_hal_msp.o
 .debug_frame   0x00000000000001cc      0x120 ./Core/Src/stm32f4xx_it.o
 .debug_frame   0x00000000000002ec       0x58 ./Core/Src/system_stm32f4xx.o
 .debug_frame   0x0000000000000344      0x374 ./Drivers/STM32F4xx_HAL_Driver/Src/stm32f4xx_hal.o
 .debug_frame   0x00000000000006b8      0x4b8 ./Drivers/STM32F4xx_HAL_Driver/Src/stm32f4xx_hal_cortex.o
 .debug_frame   0x0000000000000b70      0x250 ./Drivers/STM32F4xx_HAL_Driver/Src/stm32f4xx_hal_dma.o
 .debug_frame   0x0000000000000dc0      0x14c ./Drivers/STM32F4xx_HAL_Driver/Src/stm32f4xx_hal_gpio.o
 .debug_frame   0x0000000000000f0c      0x1f4 ./Drivers/STM32F4xx_HAL_Driver/Src/stm32f4xx_hal_rcc.o
 .debug_frame   0x0000000000001100      0x828 ./Drivers/STM32F4xx_HAL_Driver/Src/stm32f4xx_hal_spi.o
 .debug_frame   0x0000000000001928      0x954 ./Drivers/STM32F4xx_HAL_Driver/Src/stm32f4xx_hal_uart.o
 .debug_frame   0x000000000000227c       0x20 /Applications/STM32CubeIDE.app/Contents/Eclipse/plugins/com.st.stm32cube.ide.mcu.externaltools.gnu-tools-for-stm32.11.3.rel1.macos64_1.1.100.202310310803/tools/bin/../lib/gcc/arm-none-eabi/11.3.1/../../../../arm-none-eabi/lib/thumb/v7e-m+fp/hard/libc_nano.a(libc_a-memset.o)
 .debug_frame   0x000000000000229c       0x2c /Applications/STM32CubeIDE.app/Contents/Eclipse/plugins/com.st.stm32cube.ide.mcu.externaltools.gnu-tools-for-stm32.11.3.rel1.macos64_1.1.100.202310310803/tools/bin/../lib/gcc/arm-none-eabi/11.3.1/../../../../arm-none-eabi/lib/thumb/v7e-m+fp/hard/libc_nano.a(libc_a-init.o)
 .debug_frame   0x00000000000022c8       0x2c /Applications/STM32CubeIDE.app/Contents/Eclipse/plugins/com.st.stm32cube.ide.mcu.externaltools.gnu-tools-for-stm32.11.3.rel1.macos64_1.1.100.202310310803/tools/bin/../lib/gcc/arm-none-eabi/11.3.1/thumb/v7e-m+fp/hard/libgcc.a(_aeabi_uldivmod.o)
 .debug_frame   0x00000000000022f4       0x34 /Applications/STM32CubeIDE.app/Contents/Eclipse/plugins/com.st.stm32cube.ide.mcu.externaltools.gnu-tools-for-stm32.11.3.rel1.macos64_1.1.100.202310310803/tools/bin/../lib/gcc/arm-none-eabi/11.3.1/thumb/v7e-m+fp/hard/libgcc.a(_udivmoddi4.o)

.debug_line_str
                0x0000000000000000       0x6d
 .debug_line_str
                0x0000000000000000       0x6d ./Core/Startup/startup_stm32f411retx.o
                                         0x85 (size before relaxing)
